Component: ARM Compiler 5.06 update 7 (build 960) Tool: armlink [4d3601]

==============================================================================

Section Cross References

    startup_stm32f407xx.o(RESET) refers to startup_stm32f407xx.o(STACK) for __initial_sp
    startup_stm32f407xx.o(RESET) refers to startup_stm32f407xx.o(.text) for Reset_Handler
    startup_stm32f407xx.o(RESET) refers to stm32f4xx_it.o(i.NMI_Handler) for NMI_Handler
    startup_stm32f407xx.o(RESET) refers to stm32f4xx_it.o(i.HardFault_Handler) for HardFault_Handler
    startup_stm32f407xx.o(RESET) refers to stm32f4xx_it.o(i.MemManage_Handler) for MemManage_Handler
    startup_stm32f407xx.o(RESET) refers to stm32f4xx_it.o(i.BusFault_Handler) for BusFault_Handler
    startup_stm32f407xx.o(RESET) refers to stm32f4xx_it.o(i.UsageFault_Handler) for UsageFault_Handler
    startup_stm32f407xx.o(RESET) refers to port.o(.emb_text) for SVC_Handler
    startup_stm32f407xx.o(RESET) refers to stm32f4xx_it.o(i.DebugMon_Handler) for DebugMon_Handler
    startup_stm32f407xx.o(RESET) refers to cmsis_os2.o(i.SysTick_Handler) for SysTick_Handler
    startup_stm32f407xx.o(RESET) refers to stm32f4xx_it.o(i.DMA1_Stream1_IRQHandler) for DMA1_Stream1_IRQHandler
    startup_stm32f407xx.o(RESET) refers to stm32f4xx_it.o(i.CAN1_TX_IRQHandler) for CAN1_TX_IRQHandler
    startup_stm32f407xx.o(RESET) refers to stm32f4xx_it.o(i.CAN1_RX0_IRQHandler) for CAN1_RX0_IRQHandler
    startup_stm32f407xx.o(RESET) refers to stm32f4xx_it.o(i.TIM2_IRQHandler) for TIM2_IRQHandler
    startup_stm32f407xx.o(RESET) refers to stm32f4xx_it.o(i.USART1_IRQHandler) for USART1_IRQHandler
    startup_stm32f407xx.o(RESET) refers to stm32f4xx_it.o(i.USART3_IRQHandler) for USART3_IRQHandler
    startup_stm32f407xx.o(RESET) refers to stm32f4xx_it.o(i.TIM6_DAC_IRQHandler) for TIM6_DAC_IRQHandler
    startup_stm32f407xx.o(RESET) refers to stm32f4xx_it.o(i.DMA2_Stream1_IRQHandler) for DMA2_Stream1_IRQHandler
    startup_stm32f407xx.o(RESET) refers to stm32f4xx_it.o(i.DMA2_Stream2_IRQHandler) for DMA2_Stream2_IRQHandler
    startup_stm32f407xx.o(RESET) refers to stm32f4xx_it.o(i.CAN2_TX_IRQHandler) for CAN2_TX_IRQHandler
    startup_stm32f407xx.o(RESET) refers to stm32f4xx_it.o(i.CAN2_RX0_IRQHandler) for CAN2_RX0_IRQHandler
    startup_stm32f407xx.o(RESET) refers to stm32f4xx_it.o(i.DMA2_Stream6_IRQHandler) for DMA2_Stream6_IRQHandler
    startup_stm32f407xx.o(RESET) refers to stm32f4xx_it.o(i.DMA2_Stream7_IRQHandler) for DMA2_Stream7_IRQHandler
    startup_stm32f407xx.o(RESET) refers to stm32f4xx_it.o(i.USART6_IRQHandler) for USART6_IRQHandler
    startup_stm32f407xx.o(.text) refers to system_stm32f4xx.o(i.SystemInit) for SystemInit
    startup_stm32f407xx.o(.text) refers to entry.o(.ARM.Collect$$$$00000000) for __main
    main.o(i.HAL_TIM_PeriodElapsedCallback) refers to stm32f4xx_hal.o(i.HAL_IncTick) for HAL_IncTick
    main.o(i.HAL_TIM_PeriodElapsedCallback) refers to type_module.o(.bss) for mpu_data
    main.o(i.HAL_TIM_PeriodElapsedCallback) refers to main.o(.data) for .data
    main.o(i.HAL_TIM_PeriodElapsedCallback) refers to type_module.o(.data) for Yaw_Angle
    main.o(i.SystemClock_Config) refers to memseta.o(.text) for __aeabi_memclr4
    main.o(i.SystemClock_Config) refers to stm32f4xx_hal_rcc.o(i.HAL_RCC_OscConfig) for HAL_RCC_OscConfig
    main.o(i.SystemClock_Config) refers to stm32f4xx_hal_rcc.o(i.HAL_RCC_ClockConfig) for HAL_RCC_ClockConfig
    main.o(i.main) refers to stm32f4xx_hal.o(i.HAL_Init) for HAL_Init
    main.o(i.main) refers to main.o(i.SystemClock_Config) for SystemClock_Config
    main.o(i.main) refers to gpio.o(i.MX_GPIO_Init) for MX_GPIO_Init
    main.o(i.main) refers to can.o(i.MX_CAN1_Init) for MX_CAN1_Init
    main.o(i.main) refers to spi.o(i.MX_SPI1_Init) for MX_SPI1_Init
    main.o(i.main) refers to usart.o(i.MX_USART1_UART_Init) for MX_USART1_UART_Init
    main.o(i.main) refers to dma.o(i.MX_DMA_Init) for MX_DMA_Init
    main.o(i.main) refers to usart.o(i.MX_USART6_UART_Init) for MX_USART6_UART_Init
    main.o(i.main) refers to usart.o(i.MX_USART3_UART_Init) for MX_USART3_UART_Init
    main.o(i.main) refers to tim.o(i.MX_TIM6_Init) for MX_TIM6_Init
    main.o(i.main) refers to tim.o(i.MX_TIM1_Init) for MX_TIM1_Init
    main.o(i.main) refers to can.o(i.MX_CAN2_Init) for MX_CAN2_Init
    main.o(i.main) refers to tim.o(i.MX_TIM4_Init) for MX_TIM4_Init
    main.o(i.main) refers to dr16.o(i.DR16_Init) for DR16_Init
    main.o(i.main) refers to pwm.o(i.ALL_PWM_INIT) for ALL_PWM_INIT
    main.o(i.main) refers to can.o(i.CAN_FIleter_init) for CAN_FIleter_init
    main.o(i.main) refers to gpio.o(i.Init_bmi088_nss) for Init_bmi088_nss
    main.o(i.main) refers to bmi088driver.o(i.BMI088_init) for BMI088_init
    main.o(i.main) refers to gimbal.o(i.Gimbal_Init) for Gimbal_Init
    main.o(i.main) refers to pid.o(i.PID_Init) for PID_Init
    main.o(i.main) refers to referee.o(i.Referee_Init) for Referee_Init
[...]
    bit8TObit32                              0x08009cb7   Thumb Code    30  referee_info.o(i.bit8TObit32)
    bmi088_accel_init                        0x08009cd5   Thumb Code   266  bmi088driver.o(i.bmi088_accel_init)
    bmi088_gyro_init                         0x08009de5   Thumb Code   214  bmi088driver.o(i.bmi088_gyro_init)
    can_send_task                            0x08009ec1   Thumb Code    62  can_send_task.o(i.can_send_task)
    chassis_task                             0x08009f05   Thumb Code   254  chassis_task.o(i.chassis_task)
    fabs                                     0x0800a025   Thumb Code    24  fabs.o(i.fabs)
    flash_erase_address                      0x0800a03d   Thumb Code    42  flash.o(i.flash_erase_address)
    flash_read                               0x0800a067   Thumb Code    12  flash.o(i.flash_read)
    flash_write_single_address               0x0800a075   Thumb Code    98  flash.o(i.flash_write_single_address)
    get_next_flash_address                   0x0800a1a1   Thumb Code   168  flash.o(i.get_next_flash_address)
    gimbal_task                              0x0800a275   Thumb Code    82  gimbal_task.o(i.gimbal_task)
    imu_send_task                            0x0800a2d9   Thumb Code    42  imu_send_task.o(i.imu_send_task)
    inv_sqrt                                 0x0800a30d   Thumb Code    40  imu.o(i.inv_sqrt)
    led_task                                 0x0800a339   Thumb Code    98  led_task.o(i.led_task)
    main                                     0x0800a3a1   Thumb Code   102  main.o(i.main)
    mode_task                                0x0800a409   Thumb Code   134  mode_task.o(i.mode_task)
    nuc_send_task                            0x0800a4b1   Thumb Code    34  nuc_task.o(i.nuc_send_task)
    osDelay                                  0x0800a4dd   Thumb Code    26  cmsis_os2.o(i.osDelay)
    osDelayUntil                             0x0800a4f7   Thumb Code    46  cmsis_os2.o(i.osDelayUntil)
    osEventFlagsNew                          0x0800a525   Thumb Code    44  cmsis_os2.o(i.osEventFlagsNew)
    osEventFlagsSet                          0x0800a551   Thumb Code    78  cmsis_os2.o(i.osEventFlagsSet)
    osEventFlagsWait                         0x0800a5a5   Thumb Code    98  cmsis_os2.o(i.osEventFlagsWait)
    osKernelGetTickCount                     0x0800a607   Thumb Code    14  cmsis_os2.o(i.osKernelGetTickCount)
    osKernelInitialize                       0x0800a615   Thumb Code    32  cmsis_os2.o(i.osKernelInitialize)
    osKernelStart                            0x0800a639   Thumb Code    48  cmsis_os2.o(i.osKernelStart)
    osThreadNew                              0x0800a671   Thumb Code   138  cmsis_os2.o(i.osThreadNew)
    pvPortMalloc                             0x0800aea5   Thumb Code   216  heap_4.o(i.pvPortMalloc)
    pxPortInitialiseStack                    0x0800af81   Thumb Code    40  port.o(i.pxPortInitialiseStack)
    ramp_calc                                0x0800afad   Thumb Code    50  ramp.o(i.ramp_calc)
    ramp_init                                0x0800afe5   Thumb Code     8  ramp.o(i.ramp_init)
    referee_data_pack_handle                 0x0800afed   Thumb Code   124  referee.o(i.referee_data_pack_handle)
    shoot_task                               0x0800b075   Thumb Code    54  shoot_task.o(i.shoot_task)
    sqrt                                     0x0800b0c1   Thumb Code   110  sqrt.o(i.sqrt)
    supper_task                              0x0800b131   Thumb Code    34  supper_task.o(i.supper_task)
    ui_task                                  0x0800b15d   Thumb Code    12  ui_task.o(i.ui_task)
    uxListRemove                             0x0800b169   Thumb Code    38  list.o(i.uxListRemove)
    uxTaskResetEventItemValue                0x0800b191   Thumb Code    20  tasks.o(i.uxTaskResetEventItemValue)
    vApplicationGetIdleTaskMemory            0x0800b1a9   Thumb Code    16  cmsis_os2.o(i.vApplicationGetIdleTaskMemory)
    vApplicationGetTimerTaskMemory           0x0800b1bd   Thumb Code    18  cmsis_os2.o(i.vApplicationGetTimerTaskMemory)
    vEventGroupSetBitsCallback               0x0800b1d5   Thumb Code     4  event_groups.o(i.vEventGroupSetBitsCallback)
    vListInitialise                          0x0800b1d9   Thumb Code    22  list.o(i.vListInitialise)
    vListInitialiseItem                      0x0800b1ef   Thumb Code     6  list.o(i.vListInitialiseItem)
    vListInsert                              0x0800b1f5   Thumb Code    48  list.o(i.vListInsert)
    vListInsertEnd                           0x0800b225   Thumb Code    24  list.o(i.vListInsertEnd)
    vPortEnterCritical                       0x0800b23d   Thumb Code    54  port.o(i.vPortEnterCritical)
    vPortExitCritical                        0x0800b27d   Thumb Code    34  port.o(i.vPortExitCritical)
    vPortFree                                0x0800b2a5   Thumb Code    94  heap_4.o(i.vPortFree)
    vPortSetupTimerInterrupt                 0x0800b309   Thumb Code    32  port.o(i.vPortSetupTimerInterrupt)
    vPortValidateInterruptPriority           0x0800b32d   Thumb Code    74  port.o(i.vPortValidateInterruptPriority)
    vQueueAddToRegistry                      0x0800b381   Thumb Code    34  queue.o(i.vQueueAddToRegistry)
    vQueueWaitForMessageRestricted           0x0800b3a9   Thumb Code    68  queue.o(i.vQueueWaitForMessageRestricted)
    vTaskDelay                               0x0800b3ed   Thumb Code    66  tasks.o(i.vTaskDelay)
    vTaskDelayUntil                          0x0800b439   Thumb Code   132  tasks.o(i.vTaskDelayUntil)
    vTaskInternalSetTimeOutState             0x0800b4c5   Thumb Code    12  tasks.o(i.vTaskInternalSetTimeOutState)
    vTaskMissedYield                         0x0800b4d5   Thumb Code     8  tasks.o(i.vTaskMissedYield)
    vTaskPlaceOnEventList                    0x0800b4e1   Thumb Code    44  tasks.o(i.vTaskPlaceOnEventList)
    vTaskPlaceOnEventListRestricted          0x0800b511   Thumb Code    52  tasks.o(i.vTaskPlaceOnEventListRestricted)
    vTaskPlaceOnUnorderedEventList           0x0800b549   Thumb Code    76  tasks.o(i.vTaskPlaceOnUnorderedEventList)
    vTaskRemoveFromUnorderedEventList        0x0800b599   Thumb Code   102  tasks.o(i.vTaskRemoveFromUnorderedEventList)
    vTaskStartScheduler                      0x0800b609   Thumb Code   118  tasks.o(i.vTaskStartScheduler)
    vTaskSuspendAll                          0x0800b691   Thumb Code    10  tasks.o(i.vTaskSuspendAll)
    vTaskSwitchContext                       0x0800b6a1   Thumb Code    90  tasks.o(i.vTaskSwitchContext)
    xEventGroupCreate                        0x0800b705   Thumb Code    28  event_groups.o(i.xEventGroupCreate)
    xEventGroupCreateStatic                  0x0800b721   Thumb Code    44  event_groups.o(i.xEventGroupCreateStatic)
    xEventGroupSetBits                       0x0800b74d   Thumb Code   140  event_groups.o(i.xEventGroupSetBits)
    xEventGroupSetBitsFromISR                0x0800b7d9   Thumb Code    12  event_groups.o(i.xEventGroupSetBitsFromISR)
    xEventGroupWaitBits                      0x0800b7e9   Thumb Code   260  event_groups.o(i.xEventGroupWaitBits)
    xPortStartScheduler                      0x0800b8f1   Thumb Code   222  port.o(i.xPortStartScheduler)
    xPortSysTickHandler                      0x0800b9e5   Thumb Code    38  port.o(i.xPortSysTickHandler)
    xQueueGenericCreateStatic                0x0800ba11   Thumb Code   102  queue.o(i.xQueueGenericCreateStatic)
    xQueueGenericReset                       0x0800ba79   Thumb Code   132  queue.o(i.xQueueGenericReset)
    xQueueGenericSend                        0x0800bb01   Thumb Code   346  queue.o(i.xQueueGenericSend)
    xQueueGenericSendFromISR                 0x0800bc61   Thumb Code   190  queue.o(i.xQueueGenericSendFromISR)
    xQueueReceive                            0x0800bd21   Thumb Code   308  queue.o(i.xQueueReceive)
    xTaskCheckForTimeOut                     0x0800be59   Thumb Code   112  tasks.o(i.xTaskCheckForTimeOut)
    xTaskCreate                              0x0800becd   Thumb Code    90  tasks.o(i.xTaskCreate)
    xTaskCreateStatic                        0x0800bf27   Thumb Code    86  tasks.o(i.xTaskCreateStatic)
    xTaskGetSchedulerState                   0x0800bf7d   Thumb Code    22  tasks.o(i.xTaskGetSchedulerState)
    xTaskGetTickCount                        0x0800bf99   Thumb Code     6  tasks.o(i.xTaskGetTickCount)
    xTaskGetTickCountFromISR                 0x0800bfa5   Thumb Code    12  tasks.o(i.xTaskGetTickCountFromISR)
    xTaskIncrementTick                       0x0800bfb5   Thumb Code   192  tasks.o(i.xTaskIncrementTick)
    xTaskPriorityDisinherit                  0x0800c07d   Thumb Code   118  tasks.o(i.xTaskPriorityDisinherit)
    xTaskRemoveFromEventList                 0x0800c0fd   Thumb Code    98  tasks.o(i.xTaskRemoveFromEventList)
    xTaskResumeAll                           0x0800c16d   Thumb Code   182  tasks.o(i.xTaskResumeAll)
    xTimerCreateTimerTask                    0x0800c231   Thumb Code    78  timers.o(i.xTimerCreateTimerTask)
    xTimerGenericCommand                     0x0800c291   Thumb Code    98  timers.o(i.xTimerGenericCommand)
    xTimerPendFunctionCallFromISR            0x0800c2f9   Thumb Code    34  timers.o(i.xTimerPendFunctionCallFromISR)
    defaultTask_attributes                   0x0800c320   Data          36  freertos.o(.constdata)
    chassis_start_attributes                 0x0800c344   Data          36  freertos.o(.constdata)
    can_send_start_attributes                0x0800c368   Data          36  freertos.o(.constdata)
    gimbal_start_attributes                  0x0800c38c   Data          36  freertos.o(.constdata)
    imu_start_attributes                     0x0800c3b0   Data          36  freertos.o(.constdata)
    nuc_start_attributes                     0x0800c3d4   Data          36  freertos.o(.constdata)
    supper_start_attributes                  0x0800c3f8   Data          36  freertos.o(.constdata)
    led_task_start_attributes                0x0800c41c   Data          36  freertos.o(.constdata)
    shoot_start_attributes                   0x0800c440   Data          36  freertos.o(.constdata)
    mode_start_attributes                    0x0800c464   Data          36  freertos.o(.constdata)
    ui_start_attributes                      0x0800c488   Data          36  freertos.o(.constdata)
    EventCommunication_attributes            0x0800c4ac   Data          16  freertos.o(.constdata)
    AHBPrescTable                            0x0800c4c4   Data          16  system_stm32f4xx.o(.constdata)
    APBPrescTable                            0x0800c4d4   Data           8  system_stm32f4xx.o(.constdata)
    CRC8_TAB                                 0x0800c4dc   Data         256  crc.o(.constdata)
    wCRC_Table                               0x0800c5dc   Data         512  crc.o(.constdata)
    __mathlib_zero                           0x0800c8f8   Data           8  qnan.o(.constdata)
    Region$$Table$$Base                      0x0800ca9c   Number         0  anon$$obj.o(Region$$Table)
    Region$$Table$$Limit                     0x0800cabc   Number         0  anon$$obj.o(Region$$Table)
    g_z                                      0x20000000   Data           4  main.o(.data)
    defaultTaskHandle                        0x20000004   Data           4  freertos.o(.data)
    chassis_startHandle                      0x20000008   Data           4  freertos.o(.data)
    can_send_startHandle                     0x2000000c   Data           4  freertos.o(.data)
    gimbal_startHandle                       0x20000010   Data           4  freertos.o(.data)
    imu_startHandle                          0x20000014   Data           4  freertos.o(.data)
    nuc_startHandle                          0x20000018   Data           4  freertos.o(.data)
    supper_startHandle                       0x2000001c   Data           4  freertos.o(.data)
    led_task_startHandle                     0x20000020   Data           4  freertos.o(.data)
    shoot_startHandle                        0x20000024   Data           4  freertos.o(.data)
    mode_startHandle                         0x20000028   Data           4  freertos.o(.data)
    ui_startHandle                           0x2000002c   Data           4  freertos.o(.data)
    EventCommunicationHandle                 0x20000030   Data           4  freertos.o(.data)
    uwTickFreq                               0x20000038   Data           1  stm32f4xx_hal.o(.data)
    uwTickPrio                               0x2000003c   Data           4  stm32f4xx_hal.o(.data)
    uwTick                                   0x20000040   Data           4  stm32f4xx_hal.o(.data)
    SystemCoreClock                          0x20000044   Data           4  system_stm32f4xx.o(.data)
    pxCurrentTCB                             0x20000048   Data           4  tasks.o(.data)
    BMI088_GYRO_SEN                          0x200000f4   Data           4  bmi088driver.o(.data)
    q0                                       0x2000011c   Data           4  imu.o(.data)
    q1                                       0x20000120   Data           4  imu.o(.data)
    q2                                       0x20000124   Data           4  imu.o(.data)
    q3                                       0x20000128   Data           4  imu.o(.data)
    last_update                              0x2000012c   Data           4  imu.o(.data)
    now_update                               0x20000130   Data           4  imu.o(.data)
    exInt                                    0x20000134   Data           4  imu.o(.data)
    eyInt                                    0x20000138   Data           4  imu.o(.data)
    ezInt                                    0x2000013c   Data           4  imu.o(.data)
    CRC_INIT                                 0x20000174   Data           2  crc.o(.data)
    Pitch_Angle_NUC                          0x20000178   Data           4  nuc.o(.data)
    Yaw_Angle_NUC                            0x2000017c   Data           4  nuc.o(.data)
    NUC_Signal                               0x20000180   Data           4  nuc.o(.data)
    Yaw_Speed_NUC                            0x20000184   Data           4  nuc.o(.data)
    Pitch_Speed_NUC                          0x20000188   Data           4  nuc.o(.data)
    Send_Once_Flag                           0x2000018c   Data           1  custom_ui.o(.data)
    last_heat_control                        0x20000190   Data           4  custom_ui.o(.data)
    Sendor_ID                                0x20000194   Data           4  custom_ui.o(.data)
    Receiver_ID                              0x20000198   Data           4  custom_ui.o(.data)
    Super_Allow_Flag                         0x200001a4   Data           4  chassis_task.o(.data)
    time_delay                               0x200001a8   Data           4  chassis_task.o(.data)
    time_delay1                              0x200001ac   Data           4  chassis_task.o(.data)
    time_delay2                              0x200001b0   Data           4  chassis_task.o(.data)
    Init_Dir                                 0x200001b4   Data           4  chassis_task.o(.data)
    Chassis_Rotate_Base_Speed                0x200001b8   Data           4  chassis_task.o(.data)
    Twist_position_max                       0x200001bc   Data           4  chassis_task.o(.data)
    Twist_position_min                       0x200001c0   Data           4  chassis_task.o(.data)
    Twist_position                           0x200001c4   Data           4  chassis_task.o(.data)
    Twist_Dir                                0x200001c8   Data           4  chassis_task.o(.data)
    shoot_speed_get                          0x200001e8   Data           4  shoot_task.o(.data)
    Shoot_Speed                              0x200001ec   Data           4  shoot_task.o(.data)
    shoot_bullet_speed                       0x200001f0   Data           4  shoot_task.o(.data)
    shoot_counter_record                     0x200001fc   Data           4  shoot_task.o(.data)
    Chassis_Status                           0x20000210   Data           1  mode_task.o(.data)
    Cover_Open_Flag                          0x20000214   Data           4  mode_task.o(.data)
    Shoot_Run_Flag                           0x20000218   Data           4  mode_task.o(.data)
    Chassis_Rotate_Flag                      0x2000021c   Data           4  mode_task.o(.data)
    Cover_Ready_Flag                         0x20000220   Data           4  mode_task.o(.data)
    Cover_Now_Flag                           0x20000224   Data           4  mode_task.o(.data)
    Switch_Left_Last                         0x20000228   Data           4  mode_task.o(.data)
    Shoot_Angle_Bullet                       0x2000022c   Data           4  mode_task.o(.data)
    heat_control_flag1                       0x20000230   Data           4  mode_task.o(.data)
    heat_control_flag2                       0x20000234   Data           4  mode_task.o(.data)
    shoot_speed                              0x20000238   Data           4  mode_task.o(.data)
    last_shoot_speed                         0x2000023c   Data           4  mode_task.o(.data)
    fb_ramp                                  0x2000024c   Data          20  mode_task.o(.data)
    lr_ramp                                  0x20000260   Data          20  mode_task.o(.data)
    slow_ramp                                0x20000274   Data          20  mode_task.o(.data)
    chassis_task_speed                       0x20000288   Data           4  debug.o(.data)
    gimbal_task_speed                        0x2000028c   Data           4  debug.o(.data)
    imu_task_speed                           0x20000290   Data           4  debug.o(.data)
    nuc_task_speed                           0x20000294   Data           4  debug.o(.data)
    Twist_speed                              0x20000298   Data           4  debug.o(.data)
    CAN1_Signal                              0x2000029c   Data           4  type_module.o(.data)
    CAN2_Signal                              0x200002a0   Data           4  type_module.o(.data)
    SuperCap_Signal                          0x200002a4   Data           4  type_module.o(.data)
    Trig_Time                                0x200002a8   Data           4  type_module.o(.data)
    Shoot_Once_Flag                          0x200002ac   Data           4  type_module.o(.data)
    Shoot_Aim_Angle                          0x200002b0   Data           4  type_module.o(.data)
    shoot_counter                            0x200002b4   Data           4  type_module.o(.data)
    power_relay                              0x200002b8   Data           4  type_module.o(.data)
    power_flag                               0x200002bc   Data           4  type_module.o(.data)
    heat_control                             0x200002c0   Data           4  type_module.o(.data)
    heat_remain                              0x200002c4   Data           4  type_module.o(.data)
    Shoot_Cmd                                0x200002c8   Data           1  type_module.o(.data)
    Yaw_Angle                                0x200002cc   Data           4  type_module.o(.data)
    Gimbal_Mode                              0x200002d0   Data           1  type_module.o(.data)
    Chassis_Mode                             0x200002d1   Data           1  type_module.o(.data)
    Shoot_Mode                               0x200002d2   Data           1  type_module.o(.data)
    hcan1                                    0x200002d8   Data          40  can.o(.bss)
    hcan2                                    0x20000300   Data          40  can.o(.bss)
    CAN1_FilterConfig                        0x20000328   Data          40  can.o(.bss)
    CAN2_FilterConfig                        0x20000350   Data          40  can.o(.bss)
    hspi1                                    0x20000378   Data          88  spi.o(.bss)
    htim1                                    0x200003d0   Data          72  tim.o(.bss)
    htim4                                    0x20000418   Data          72  tim.o(.bss)
    htim6                                    0x20000460   Data          72  tim.o(.bss)
    huart1                                   0x200004a8   Data          68  usart.o(.bss)
    huart3                                   0x200004ec   Data          68  usart.o(.bss)
    huart6                                   0x20000530   Data          68  usart.o(.bss)
    hdma_usart1_rx                           0x20000574   Data          96  usart.o(.bss)
    hdma_usart1_tx                           0x200005d4   Data          96  usart.o(.bss)
    hdma_usart3_rx                           0x20000634   Data          96  usart.o(.bss)
    hdma_usart6_rx                           0x20000694   Data          96  usart.o(.bss)
    hdma_usart6_tx                           0x200006f4   Data          96  usart.o(.bss)
    htim2                                    0x20000754   Data          72  stm32f4xx_hal_timebase_tim.o(.bss)
    pFlash                                   0x2000079c   Data          32  stm32f4xx_hal_flash.o(.bss)
    xQueueRegistry                           0x200007bc   Data          64  queue.o(.bss)
    Angle_Init                               0x200050d8   Data          16  gimbal.o(.bss)
    Usart_Referee_Rx_Buf                     0x200050e8   Data        2048  referee.o(.bss)
    NUC_rx_buff                              0x200058e8   Data          40  nuc.o(.bss)
    Chassis_Speed_Real                       0x20005910   Data          16  nuc.o(.bss)
    interger_one                             0x20005920   Data          21  custom_ui.o(.bss)
    float_one                                0x20005935   Data          21  custom_ui.o(.bss)
    character_one                            0x2000594a   Data          51  custom_ui.o(.bss)
    character_two                            0x2000597d   Data          51  custom_ui.o(.bss)
    character_three                          0x200059b0   Data          51  custom_ui.o(.bss)
    character_four                           0x200059e3   Data          51  custom_ui.o(.bss)
    character_five                           0x20005a16   Data          51  custom_ui.o(.bss)
    character_six                            0x20005a49   Data          51  custom_ui.o(.bss)
    character_seven                          0x20005a7c   Data          51  custom_ui.o(.bss)
    character_eight                          0x20005aaf   Data          51  custom_ui.o(.bss)
    character_nine                           0x20005ae2   Data          51  custom_ui.o(.bss)
    line_one                                 0x20005b15   Data          21  custom_ui.o(.bss)
    line_two                                 0x20005b2a   Data          21  custom_ui.o(.bss)
    line_three                               0x20005b3f   Data          21  custom_ui.o(.bss)
    line_four                                0x20005b54   Data          21  custom_ui.o(.bss)
    line_five                                0x20005b69   Data          21  custom_ui.o(.bss)
    line_six                                 0x20005b7e   Data          21  custom_ui.o(.bss)
    line_seven                               0x20005b93   Data          21  custom_ui.o(.bss)
    line_eight                               0x20005ba8   Data          21  custom_ui.o(.bss)
    line_nine                                0x20005bbd   Data          21  custom_ui.o(.bss)
    circle_one                               0x20005bd2   Data          21  custom_ui.o(.bss)
    circle_two                               0x20005be7   Data          21  custom_ui.o(.bss)
    circle_three                             0x20005bfc   Data          21  custom_ui.o(.bss)
    circle_four                              0x20005c11   Data          21  custom_ui.o(.bss)
    char_one                                 0x20005c26   Data          30  custom_ui.o(.bss)
    char_two                                 0x20005c44   Data          30  custom_ui.o(.bss)
    char_three                               0x20005c62   Data          30  custom_ui.o(.bss)
    char_four                                0x20005c80   Data          30  custom_ui.o(.bss)
    char_five                                0x20005c9e   Data          30  custom_ui.o(.bss)
    char_six                                 0x20005cbc   Data          30  custom_ui.o(.bss)
    char_seven                               0x20005cda   Data          30  custom_ui.o(.bss)
    char_eight                               0x20005cf8   Data          30  custom_ui.o(.bss)
    char_nine                                0x20005d16   Data          30  custom_ui.o(.bss)
    Chassis_Speed                            0x20005d34   Data          20  chassis_task.o(.bss)
    Gimbal_Init_Processing_Data              0x20005d48   Data          24  type_module.o(.bss)
    Referee_Inf                              0x20005d60   Data         192  type_module.o(.bss)
    DBUS                                     0x20005e20   Data          24  type_module.o(.bss)
    mpu_data                                 0x20005e38   Data          84  type_module.o(.bss)
    CAN_Chassis                              0x20005e8c   Data          96  type_module.o(.bss)
    CAN_Gimbal                               0x20005eec   Data          48  type_module.o(.bss)
    CAN_Trigger                              0x20005f1c   Data          24  type_module.o(.bss)
    CAN_Shoot                                0x20005f34   Data          48  type_module.o(.bss)
    SuperCap_Info                            0x20005f64   Data          24  type_module.o(.bss)
    PID_Chassis                              0x20005f7c   Data         320  type_module.o(.bss)
    PID_Storage_Angle                        0x200060bc   Data          80  type_module.o(.bss)
    PID_Storage_Speed                        0x2000610c   Data          80  type_module.o(.bss)
    PID_Gimbal_Angle                         0x2000615c   Data         160  type_module.o(.bss)
    PID_Gimbal_Speed                         0x200061fc   Data         160  type_module.o(.bss)
    PID_Chassis_Omega                        0x2000629c   Data          80  type_module.o(.bss)
    PID_Shoot                                0x200062ec   Data         160  type_module.o(.bss)
    PID_Trigger                              0x2000638c   Data         160  type_module.o(.bss)
    PID_Trigger_Angle                        0x2000642c   Data          80  type_module.o(.bss)
    PID_Trigger_Speed                        0x2000647c   Data          80  type_module.o(.bss)
    NUC_Data                                 0x200064cc   Data          20  type_module.o(.bss)
    NUC_tx_buff                              0x200064e0   Data          23  type_module.o(.bss)
    rc                                       0x200064f8   Data          12  type_module.o(.bss)
    keyboard                                 0x20006504   Data          12  type_module.o(.bss)
    __initial_sp                             0x20006910   Data           0  startup_stm32f407xx.o(STACK)



==============================================================================

Memory Map of the image

  Image Entry point : 0x08000189

  Load Region LR_IROM1 (Base: 0x08000000, Size: 0x0000cd94, Max: 0x00100000, ABSOLUTE, COMPRESSED[0x0000cb34])

    Execution Region ER_IROM1 (Exec base: 0x08000000, Load base: 0x08000000, Size: 0x0000cabc, Max: 0x00100000, ABSOLUTE)

    Exec Addr    Load Addr    Size         Type   Attr      Idx    E Section Name        Object

    0x08000000   0x08000000   0x00000188   Data   RO            3    RESET               startup_stm32f407xx.o
    0x08000188   0x08000188   0x00000000   Code   RO         7373  * .ARM.Collect$$$$00000000  mc_w.l(entry.o)
    0x08000188   0x08000188   0x00000004   Code   RO         7716    .ARM.Collect$$$$00000001  mc_w.l(entry2.o)
    0x0800018c   0x0800018c   0x00000004   Code   RO         7719    .ARM.Collect$$$$00000004  mc_w.l(entry5.o)
    0x08000190   0x08000190   0x00000000   Code   RO         7721    .ARM.Collect$$$$00000008  mc_w.l(entry7b.o)
    0x08000190   0x08000190   0x00000000   Code   RO         7723    .ARM.Collect$$$$0000000A  mc_w.l(entry8b.o)
    0x08000190   0x08000190   0x00000008   Code   RO         7724    .ARM.Collect$$$$0000000B  mc_w.l(entry9a.o)
    0x08000198   0x08000198   0x00000004   Code   RO         7731    .ARM.Collect$$$$0000000E  mc_w.l(entry12b.o)
    0x0800019c   0x0800019c   0x00000000   Code   RO         7726    .ARM.Collect$$$$0000000F  mc_w.l(entry10a.o)
    0x0800019c   0x0800019c   0x00000000   Code   RO         7728    .ARM.Collect$$$$00000011  mc_w.l(entry11a.o)
    0x0800019c   0x0800019c   0x00000004   Code   RO         7717    .ARM.Collect$$$$00002712  mc_w.l(entry2.o)
    0x080001a0   0x080001a0   0x000000be   Code   RO         5786    .emb_text           port.o
    0x0800025e   0x0800025e   0x00000002   PAD
    0x08000260   0x08000260   0x00000024   Code   RO            4    .text               startup_stm32f407xx.o
    0x08000284   0x08000284   0x00000062   Code   RO         7376    .text               mc_w.l(uldiv.o)
    0x080002e6   0x080002e6   0x00000024   Code   RO         7378    .text               mc_w.l(memcpya.o)
    0x0800030a   0x0800030a   0x00000024   Code   RO         7382    .text               mc_w.l(memseta.o)
    0x0800032e   0x0800032e   0x0000014e   Code   RO         7647    .text               mf_w.l(dadd.o)
    0x0800047c   0x0800047c   0x000000e4   Code   RO         7649    .text               mf_w.l(dmul.o)
    0x08000560   0x08000560   0x000000de   Code   RO         7651    .text               mf_w.l(ddiv.o)
    0x0800063e   0x0800063e   0x00000022   Code   RO         7653    .text               mf_w.l(dflti.o)
    0x08000660   0x08000660   0x00000026   Code   RO         7655    .text               mf_w.l(f2d.o)
    0x08000686   0x08000686   0x00000002   PAD
    0x08000688   0x08000688   0x00000030   Code   RO         7657    .text               mf_w.l(cdcmple.o)
    0x080006b8   0x080006b8   0x00000030   Code   RO         7659    .text               mf_w.l(cdrcmple.o)
    0x080006e8   0x080006e8   0x00000038   Code   RO         7661    .text               mf_w.l(d2f.o)
    0x08000720   0x08000720   0x0000002c   Code   RO         7735    .text               mc_w.l(uidiv.o)
    0x0800074c   0x0800074c   0x0000001e   Code   RO         7737    .text               mc_w.l(llshl.o)
    0x0800076a   0x0800076a   0x00000020   Code   RO         7739    .text               mc_w.l(llushr.o)
    0x0800078a   0x0800078a   0x00000024   Code   RO         7741    .text               mc_w.l(llsshr.o)
    0x080007ae   0x080007ae   0x00000000   Code   RO         7750    .text               mc_w.l(iusefp.o)
    0x080007ae   0x080007ae   0x0000006e   Code   RO         7751    .text               mf_w.l(fepilogue.o)
    0x0800081c   0x0800081c   0x000000ba   Code   RO         7753    .text               mf_w.l(depilogue.o)
    0x080008d6   0x080008d6   0x000000a2   Code   RO         7757    .text               mf_w.l(dsqrt.o)
    0x08000978   0x08000978   0x00000030   Code   RO         7759    .text               mf_w.l(dfixul.o)
    0x080009a8   0x080009a8   0x00000024   Code   RO         7761    .text               mc_w.l(init.o)
    0x080009cc   0x080009cc   0x0000001a   Code   RO         7765    .text               mf_w.l(dfltui.o)
    0x080009e6   0x080009e6   0x0000003e   Code   RO         7767    .text               mf_w.l(dfixi.o)
    0x08000a24   0x08000a24   0x00000056   Code   RO         7777    .text               mc_w.l(__dczerorl2.o)
    0x08000a7a   0x08000a7a   0x00000002   PAD
    0x08000a7c   0x08000a7c   0x00000038   Code   RO         6364    i.ALL_PWM_INIT      pwm.o
    0x08000ab4   0x08000ab4   0x00000014   Code   RO         6689    i.Angle_Correct     chassis_task.o
    0x08000ac8   0x08000ac8   0x0000000a   Code   RO         6284    i.Angle_Correct_Get  gimbal.o
    0x08000ad2   0x08000ad2   0x00000002   PAD
    0x08000ad4   0x08000ad4   0x00000098   Code   RO         6690    i.Angle_Reverse_Handle  chassis_task.o
    0x08000b6c   0x08000b6c   0x00000028   Code   RO         6391    i.Append_CRC16_Check_Sum  crc.o
    0x08000b94   0x08000b94   0x00000020   Code   RO         6392    i.Append_CRC8_Check_Sum  crc.o
    0x08000bb4   0x08000bb4   0x00000010   Code   RO         5954    i.BMI088_ACCEL_NS_H  bmi088driver.o
    0x08000bc4   0x08000bc4   0x00000010   Code   RO         5955    i.BMI088_ACCEL_NS_L  bmi088driver.o
    0x08000bd4   0x08000bd4   0x00000010   Code   RO         5956    i.BMI088_GYRO_NS_H  bmi088driver.o
    0x08000be4   0x08000be4   0x00000010   Code   RO         5957    i.BMI088_GYRO_NS_L  bmi088driver.o
    0x08000bf4   0x08000bf4   0x00000140   Code   RO         5958    i.BMI088_Get_Data   bmi088driver.o
    0x08000d34   0x08000d34   0x000000f4   Code   RO         5959    i.BMI088_Offset_Cali  bmi088driver.o
    0x08000e28   0x08000e28   0x00000018   Code   RO         5960    i.BMI088_delay_ms   bmi088driver.o
    0x08000e40   0x08000e40   0x0000002e   Code   RO         5961    i.BMI088_delay_us   bmi088driver.o
    0x08000e6e   0x08000e6e   0x0000001e   Code   RO         5962    i.BMI088_init       bmi088driver.o
    0x08000e8c   0x08000e8c   0x00000024   Code   RO         5963    i.BMI088_read_muli_reg  bmi088driver.o
    0x08000eb0   0x08000eb0   0x00000016   Code   RO         5964    i.BMI088_read_single_reg  bmi088driver.o
    0x08000ec6   0x08000ec6   0x00000002   PAD
    0x08000ec8   0x08000ec8   0x00000020   Code   RO         5965    i.BMI088_read_write_byte  bmi088driver.o
    0x08000ee8   0x08000ee8   0x00000012   Code   RO         5966    i.BMI088_write_single_reg  bmi088driver.o
    0x08000efa   0x08000efa   0x00000002   PAD
    0x08000efc   0x08000efc   0x00000014   Code   RO         6337    i.Beep_Ctrl         beep.o
    0x08000f10   0x08000f10   0x00000050   Code   RO         6796    i.Bullet_Block_Control  shoot_task.o
    0x08000f60   0x08000f60   0x00000002   Code   RO          722    i.BusFault_Handler  stm32f4xx_it.o
    0x08000f62   0x08000f62   0x00000002   PAD
    0x08000f64   0x08000f64   0x0000000c   Code   RO          723    i.CAN1_RX0_IRQHandler  stm32f4xx_it.o
    0x08000f70   0x08000f70   0x000000a8   Code   RO         5866    i.CAN1_TX_Chassis   can_h.o
    0x08001018   0x08001018   0x00000084   Code   RO         5867    i.CAN1_TX_Gimbal_Pitch  can_h.o
    0x0800109c   0x0800109c   0x00000084   Code   RO         5868    i.CAN1_TX_Gimbal_Yaw  can_h.o
    0x08001120   0x08001120   0x0000000c   Code   RO          724    i.CAN1_TX_IRQHandler  stm32f4xx_it.o
    0x0800112c   0x0800112c   0x00000110   Code   RO         5869    i.CAN1_TX_SuperCap  can_h.o
    0x0800123c   0x0800123c   0x0000000c   Code   RO          725    i.CAN2_RX0_IRQHandler  stm32f4xx_it.o
    0x08001248   0x08001248   0x0000000c   Code   RO          726    i.CAN2_TX_IRQHandler  stm32f4xx_it.o
    0x08001254   0x08001254   0x0000008c   Code   RO         5871    i.CAN2_TX_Shoot     can_h.o
    0x080012e0   0x080012e0   0x0000002a   Code   RO         5872    i.CAN_Data_Decode   can_h.o
    0x0800130a   0x0800130a   0x00000002   PAD
    0x0800130c   0x0800130c   0x00000088   Code   RO          472    i.CAN_FIleter_init  can.o
    0x08001394   0x08001394   0x00000048   Code   RO         5873    i.CAN_Total_Angle_Decode  can_h.o
    0x080013dc   0x080013dc   0x000000e8   Code   RO         6691    i.Chassis_Follow_Control  chassis_task.o
    0x080014c4   0x080014c4   0x0000008c   Code   RO         6692    i.Chassis_Max_Limit  chassis_task.o
    0x08001550   0x08001550   0x00000144   Code   RO         6164    i.Chassis_PID_Init  pid.o
    0x08001694   0x08001694   0x00000054   Code   RO         6693    i.Chassis_Power_Limit  chassis_task.o
    0x080016e8   0x080016e8   0x00000058   Code   RO         6695    i.Chassis_Speed_Calc  chassis_task.o
    0x08001740   0x08001740   0x00000028   Code   RO         6696    i.Chassis_Stop_Control  chassis_task.o
    0x08001768   0x08001768   0x00000040   Code   RO         6697    i.Chassis_SuperCap_Control  chassis_task.o
    0x080017a8   0x080017a8   0x00000088   Code   RO         6698    i.Chassis_SuperCap_HomeMade_Control  chassis_task.o
    0x08001830   0x08001830   0x000000f0   Code   RO         6699    i.Chassis_SuperCap_Wulie_Control  chassis_task.o
    0x08001920   0x08001920   0x00000210   Code   RO         6700    i.Chassis_Twist_Control  chassis_task.o
    0x08001b30   0x08001b30   0x0000000c   Code   RO          727    i.DMA1_Stream1_IRQHandler  stm32f4xx_it.o
    0x08001b3c   0x08001b3c   0x0000000c   Code   RO          728    i.DMA2_Stream1_IRQHandler  stm32f4xx_it.o
    0x08001b48   0x08001b48   0x0000000c   Code   RO          729    i.DMA2_Stream2_IRQHandler  stm32f4xx_it.o
    0x08001b54   0x08001b54   0x0000000c   Code   RO          730    i.DMA2_Stream6_IRQHandler  stm32f4xx_it.o
    0x08001b60   0x08001b60   0x0000000c   Code   RO          731    i.DMA2_Stream7_IRQHandler  stm32f4xx_it.o
    0x08001b6c   0x08001b6c   0x00000028   Code   RO         1713    i.DMA_CalcBaseAndBitshift  stm32f4xx_hal_dma.o
    0x08001b94   0x08001b94   0x00000054   Code   RO         1714    i.DMA_CheckFifoParam  stm32f4xx_hal_dma.o
    0x08001be8   0x08001be8   0x00000028   Code   RO         1715    i.DMA_SetConfig     stm32f4xx_hal_dma.o
    0x08001c10   0x08001c10   0x000000a8   Code   RO         6123    i.DR16_DataDecode   dr16.o
    0x08001cb8   0x08001cb8   0x00000068   Code   RO         6124    i.DR16_Init         dr16.o
    0x08001d20   0x08001d20   0x00000002   Code   RO          732    i.DebugMon_Handler  stm32f4xx_it.o
    0x08001d22   0x08001d22   0x00000002   PAD
    0x08001d24   0x08001d24   0x000000b0   Code   RO         6622    i.Draw_Char         custom_ui.o
    0x08001dd4   0x08001dd4   0x0000008c   Code   RO         6623    i.Draw_Circle       custom_ui.o
    0x08001e60   0x08001e60   0x000000a0   Code   RO         6624    i.Draw_Float        custom_ui.o
    0x08001f00   0x08001f00   0x00000094   Code   RO         6625    i.Draw_Int          custom_ui.o
    0x08001f94   0x08001f94   0x0000009c   Code   RO         6626    i.Draw_Line         custom_ui.o
    0x08002030   0x08002030   0x00000010   Code   RO         6701    i.Encoder_Data_Cal  chassis_task.o
    0x08002040   0x08002040   0x00000022   Code   RO         6285    i.Encoder_Data_Process  gimbal.o
    0x08002062   0x08002062   0x00000004   Code   RO           13    i.Error_Handler     main.o
    0x08002066   0x08002066   0x00000002   PAD
    0x08002068   0x08002068   0x00000050   Code   RO         1528    i.FLASH_Erase_Sector  stm32f4xx_hal_flash_ex.o
    0x080020b8   0x080020b8   0x00000054   Code   RO         1529    i.FLASH_FlushCaches  stm32f4xx_hal_flash_ex.o
    0x0800210c   0x0800210c   0x00000028   Code   RO         1530    i.FLASH_MassErase   stm32f4xx_hal_flash_ex.o
    0x08002134   0x08002134   0x00000020   Code   RO         1410    i.FLASH_Program_Byte  stm32f4xx_hal_flash.o
    0x08002154   0x08002154   0x0000002c   Code   RO         1411    i.FLASH_Program_DoubleWord  stm32f4xx_hal_flash.o
    0x08002180   0x08002180   0x00000024   Code   RO         1412    i.FLASH_Program_HalfWord  stm32f4xx_hal_flash.o
    0x080021a4   0x080021a4   0x00000024   Code   RO         1413    i.FLASH_Program_Word  stm32f4xx_hal_flash.o
    0x080021c8   0x080021c8   0x00000068   Code   RO         1414    i.FLASH_SetErrorCode  stm32f4xx_hal_flash.o
    0x08002230   0x08002230   0x00000050   Code   RO         1415    i.FLASH_WaitForLastOperation  stm32f4xx_hal_flash.o
    0x08002280   0x08002280   0x0000002c   Code   RO         6393    i.Get_CRC16_Check_Sum  crc.o
    0x080022ac   0x080022ac   0x00000020   Code   RO         6394    i.Get_CRC8_Check_Sum  crc.o
    0x080022cc   0x080022cc   0x00000174   Code   RO         7049    i.Get_Chassis_Keyboard  mode_task.o
    0x08002440   0x08002440   0x00000060   Code   RO         7050    i.Get_Chassis_Mode  mode_task.o
    0x080024a0   0x080024a0   0x00000074   Code   RO         7051    i.Get_Chassis_RC    mode_task.o
    0x08002514   0x08002514   0x00000074   Code   RO         7052    i.Get_Cover_Mode    mode_task.o
    0x08002588   0x08002588   0x00000040   Code   RO         7053    i.Get_Gimbal_Mode   mode_task.o
    0x080025c8   0x080025c8   0x00000068   Code   RO         7054    i.Get_Keyboard_Mode  mode_task.o
    0x08002630   0x08002630   0x00000110   Code   RO         7055    i.Get_Shoot_Mode    mode_task.o
    0x08002740   0x08002740   0x00000188   Code   RO         6286    i.Gimbal_Angle_Calibrate  gimbal.o
    0x080028c8   0x080028c8   0x00000078   Code   RO         6287    i.Gimbal_Angle_Read  gimbal.o
    0x08002940   0x08002940   0x00000168   Code   RO         6847    i.Gimbal_AutoAim_Control  gimbal_task.o
    0x08002aa8   0x08002aa8   0x00000130   Code   RO         6848    i.Gimbal_Follow_Control  gimbal_task.o
    0x08002bd8   0x08002bd8   0x00000100   Code   RO         6288    i.Gimbal_Init       gimbal.o
    0x08002cd8   0x08002cd8   0x00000158   Code   RO         6165    i.Gimbal_PID_Init   pid.o
    0x08002e30   0x08002e30   0x00000010   Code   RO         6851    i.Gimbal_Stop_Control  gimbal_task.o
    0x08002e40   0x08002e40   0x00000024   Code   RO         1021    i.HAL_CAN_ActivateNotification  stm32f4xx_hal_can.o
    0x08002e64   0x08002e64   0x000000dc   Code   RO         1022    i.HAL_CAN_AddTxMessage  stm32f4xx_hal_can.o
    0x08002f40   0x08002f40   0x0000010c   Code   RO         1023    i.HAL_CAN_ConfigFilter  stm32f4xx_hal_can.o
    0x0800304c   0x0800304c   0x00000002   Code   RO         1026    i.HAL_CAN_ErrorCallback  stm32f4xx_hal_can.o
    0x0800304e   0x0800304e   0x000000e8   Code   RO         1029    i.HAL_CAN_GetRxMessage  stm32f4xx_hal_can.o
    0x08003136   0x08003136   0x000001fc   Code   RO         1033    i.HAL_CAN_IRQHandler  stm32f4xx_hal_can.o
    0x08003332   0x08003332   0x0000011a   Code   RO         1034    i.HAL_CAN_Init      stm32f4xx_hal_can.o
    0x0800344c   0x0800344c   0x0000011c   Code   RO          474    i.HAL_CAN_MspInit   can.o
    0x08003568   0x08003568   0x00000002   Code   RO         1041    i.HAL_CAN_RxFifo0FullCallback  stm32f4xx_hal_can.o
    0x0800356a   0x0800356a   0x00000002   PAD
    0x0800356c   0x0800356c   0x000001a8   Code   RO         5874    i.HAL_CAN_RxFifo0MsgPendingCallback  can_h.o
    0x08003714   0x08003714   0x00000002   Code   RO         1043    i.HAL_CAN_RxFifo1FullCallback  stm32f4xx_hal_can.o
    0x08003716   0x08003716   0x00000002   Code   RO         1044    i.HAL_CAN_RxFifo1MsgPendingCallback  stm32f4xx_hal_can.o
    0x08003718   0x08003718   0x00000002   Code   RO         1045    i.HAL_CAN_SleepCallback  stm32f4xx_hal_can.o
    0x0800371a   0x0800371a   0x00000002   PAD
    0x0800371c   0x0800371c   0x00000058   Code   RO         1046    i.HAL_CAN_Start     stm32f4xx_hal_can.o
    0x08003774   0x08003774   0x00000002   Code   RO         1048    i.HAL_CAN_TxMailbox0AbortCallback  stm32f4xx_hal_can.o
    0x08003776   0x08003776   0x00000002   PAD
    0x08003778   0x08003778   0x00000024   Code   RO         5875    i.HAL_CAN_TxMailbox0CompleteCallback  can_h.o
    0x0800379c   0x0800379c   0x00000002   Code   RO         1050    i.HAL_CAN_TxMailbox1AbortCallback  stm32f4xx_hal_can.o
    0x0800379e   0x0800379e   0x00000002   Code   RO         1051    i.HAL_CAN_TxMailbox1CompleteCallback  stm32f4xx_hal_can.o
    0x080037a0   0x080037a0   0x00000002   Code   RO         1052    i.HAL_CAN_TxMailbox2AbortCallback  stm32f4xx_hal_can.o
    0x080037a2   0x080037a2   0x00000002   Code   RO         1053    i.HAL_CAN_TxMailbox2CompleteCallback  stm32f4xx_hal_can.o
    0x080037a4   0x080037a4   0x00000002   Code   RO         1055    i.HAL_CAN_WakeUpFromRxMsgCallback  stm32f4xx_hal_can.o
    0x080037a6   0x080037a6   0x00000092   Code   RO         1716    i.HAL_DMA_Abort     stm32f4xx_hal_dma.o
    0x08003838   0x08003838   0x00000024   Code   RO         1717    i.HAL_DMA_Abort_IT  stm32f4xx_hal_dma.o
    0x0800385c   0x0800385c   0x000001a0   Code   RO         1721    i.HAL_DMA_IRQHandler  stm32f4xx_hal_dma.o
    0x080039fc   0x080039fc   0x000000d4   Code   RO         1722    i.HAL_DMA_Init      stm32f4xx_hal_dma.o
    0x08003ad0   0x08003ad0   0x0000006e   Code   RO         1726    i.HAL_DMA_Start_IT  stm32f4xx_hal_dma.o
    0x08003b3e   0x08003b3e   0x00000002   PAD
    0x08003b40   0x08003b40   0x00000024   Code   RO         2135    i.HAL_Delay         stm32f4xx_hal.o
    0x08003b64   0x08003b64   0x00000098   Code   RO         1531    i.HAL_FLASHEx_Erase  stm32f4xx_hal_flash_ex.o
    0x08003bfc   0x08003bfc   0x00000014   Code   RO         1419    i.HAL_FLASH_Lock    stm32f4xx_hal_flash.o
    0x08003c10   0x08003c10   0x0000007c   Code   RO         1424    i.HAL_FLASH_Program  stm32f4xx_hal_flash.o
    0x08003c8c   0x08003c8c   0x0000002c   Code   RO         1426    i.HAL_FLASH_Unlock  stm32f4xx_hal_flash.o
    0x08003cb8   0x08003cb8   0x000001f0   Code   RO         1609    i.HAL_GPIO_Init     stm32f4xx_hal_gpio.o
    0x08003ea8   0x08003ea8   0x00000010   Code   RO         1612    i.HAL_GPIO_TogglePin  stm32f4xx_hal_gpio.o
    0x08003eb8   0x08003eb8   0x0000000a   Code   RO         1613    i.HAL_GPIO_WritePin  stm32f4xx_hal_gpio.o
    0x08003ec2   0x08003ec2   0x00000002   PAD
    0x08003ec4   0x08003ec4   0x0000000c   Code   RO         2141    i.HAL_GetTick       stm32f4xx_hal.o
    0x08003ed0   0x08003ed0   0x00000010   Code   RO         2147    i.HAL_IncTick       stm32f4xx_hal.o
    0x08003ee0   0x08003ee0   0x00000034   Code   RO         2148    i.HAL_Init          stm32f4xx_hal.o
    0x08003f14   0x08003f14   0x00000098   Code   RO          888    i.HAL_InitTick      stm32f4xx_hal_timebase_tim.o
    0x08003fac   0x08003fac   0x00000038   Code   RO          864    i.HAL_MspInit       stm32f4xx_hal_msp.o
    0x08003fe4   0x08003fe4   0x0000001a   Code   RO         1998    i.HAL_NVIC_EnableIRQ  stm32f4xx_hal_cortex.o
    0x08003ffe   0x08003ffe   0x00000002   PAD
    0x08004000   0x08004000   0x00000040   Code   RO         2004    i.HAL_NVIC_SetPriority  stm32f4xx_hal_cortex.o
    0x08004040   0x08004040   0x00000024   Code   RO         2005    i.HAL_NVIC_SetPriorityGrouping  stm32f4xx_hal_cortex.o
    0x08004064   0x08004064   0x00000134   Code   RO         1255    i.HAL_RCC_ClockConfig  stm32f4xx_hal_rcc.o
    0x08004198   0x08004198   0x00000040   Code   RO         1259    i.HAL_RCC_GetClockConfig  stm32f4xx_hal_rcc.o
    0x080041d8   0x080041d8   0x00000020   Code   RO         1262    i.HAL_RCC_GetPCLK1Freq  stm32f4xx_hal_rcc.o
    0x080041f8   0x080041f8   0x00000020   Code   RO         1263    i.HAL_RCC_GetPCLK2Freq  stm32f4xx_hal_rcc.o
    0x08004218   0x08004218   0x00000064   Code   RO         1264    i.HAL_RCC_GetSysClockFreq  stm32f4xx_hal_rcc.o
    0x0800427c   0x0800427c   0x0000036c   Code   RO         1267    i.HAL_RCC_OscConfig  stm32f4xx_hal_rcc.o
    0x080045e8   0x080045e8   0x000000bc   Code   RO         2397    i.HAL_SPI_Init      stm32f4xx_hal_spi.o
    0x080046a4   0x080046a4   0x00000090   Code   RO          553    i.HAL_SPI_MspInit   spi.o
    0x08004734   0x08004734   0x000001e2   Code   RO         2406    i.HAL_SPI_TransmitReceive  stm32f4xx_hal_spi.o
    0x08004916   0x08004916   0x00000002   Code   RO         3414    i.HAL_TIMEx_BreakCallback  stm32f4xx_hal_tim_ex.o
    0x08004918   0x08004918   0x00000002   Code   RO         3415    i.HAL_TIMEx_CommutCallback  stm32f4xx_hal_tim_ex.o
    0x0800491a   0x0800491a   0x00000054   Code   RO         3417    i.HAL_TIMEx_ConfigBreakDeadTime  stm32f4xx_hal_tim_ex.o
    0x0800496e   0x0800496e   0x00000002   PAD
    0x08004970   0x08004970   0x00000090   Code   RO         3433    i.HAL_TIMEx_MasterConfigSynchronization  stm32f4xx_hal_tim_ex.o
    0x08004a00   0x08004a00   0x0000005a   Code   RO         2710    i.HAL_TIM_Base_Init  stm32f4xx_hal_tim.o
    0x08004a5a   0x08004a5a   0x00000002   PAD
    0x08004a5c   0x08004a5c   0x0000003c   Code   RO          595    i.HAL_TIM_Base_MspInit  tim.o
    0x08004a98   0x08004a98   0x00000080   Code   RO         2715    i.HAL_TIM_Base_Start_IT  stm32f4xx_hal_tim.o
    0x08004b18   0x08004b18   0x00000002   Code   RO         2744    i.HAL_TIM_IC_CaptureCallback  stm32f4xx_hal_tim.o
    0x08004b1a   0x08004b1a   0x00000166   Code   RO         2758    i.HAL_TIM_IRQHandler  stm32f4xx_hal_tim.o
    0x08004c80   0x08004c80   0x00000084   Code   RO          596    i.HAL_TIM_MspPostInit  tim.o
    0x08004d04   0x08004d04   0x00000002   Code   RO         2761    i.HAL_TIM_OC_DelayElapsedCallback  stm32f4xx_hal_tim.o
    0x08004d06   0x08004d06   0x000000cc   Code   RO         2782    i.HAL_TIM_PWM_ConfigChannel  stm32f4xx_hal_tim.o
    0x08004dd2   0x08004dd2   0x0000005a   Code   RO         2785    i.HAL_TIM_PWM_Init  stm32f4xx_hal_tim.o
    0x08004e2c   0x08004e2c   0x00000044   Code   RO          598    i.HAL_TIM_PWM_MspInit  tim.o
    0x08004e70   0x08004e70   0x00000002   Code   RO         2788    i.HAL_TIM_PWM_PulseFinishedCallback  stm32f4xx_hal_tim.o
    0x08004e72   0x08004e72   0x00000002   PAD
    0x08004e74   0x08004e74   0x000000c8   Code   RO         2790    i.HAL_TIM_PWM_Start  stm32f4xx_hal_tim.o
    0x08004f3c   0x08004f3c   0x0000006c   Code   RO           14    i.HAL_TIM_PeriodElapsedCallback  main.o
    0x08004fa8   0x08004fa8   0x00000002   Code   RO         2801    i.HAL_TIM_TriggerCallback  stm32f4xx_hal_tim.o
    0x08004faa   0x08004faa   0x00000002   Code   RO         3692    i.HAL_UARTEx_RxEventCallback  stm32f4xx_hal_uart.o
    0x08004fac   0x08004fac   0x00000002   Code   RO         3706    i.HAL_UART_ErrorCallback  stm32f4xx_hal_uart.o
    0x08004fae   0x08004fae   0x00000002   PAD
    0x08004fb0   0x08004fb0   0x00000268   Code   RO         3709    i.HAL_UART_IRQHandler  stm32f4xx_hal_uart.o
    0x08005218   0x08005218   0x00000062   Code   RO         3710    i.HAL_UART_Init     stm32f4xx_hal_uart.o
    0x0800527a   0x0800527a   0x00000002   PAD
    0x0800527c   0x0800527c   0x00000290   Code   RO          668    i.HAL_UART_MspInit  usart.o
    0x0800550c   0x0800550c   0x00000002   Code   RO         3716    i.HAL_UART_RxCpltCallback  stm32f4xx_hal_uart.o
    0x0800550e   0x0800550e   0x00000002   PAD
    0x08005510   0x08005510   0x0000008c   Code   RO         3719    i.HAL_UART_Transmit_DMA  stm32f4xx_hal_uart.o
    0x0800559c   0x0800559c   0x00000002   Code   RO         3721    i.HAL_UART_TxCpltCallback  stm32f4xx_hal_uart.o
    0x0800559e   0x0800559e   0x00000002   Code   RO         3722    i.HAL_UART_TxHalfCpltCallback  stm32f4xx_hal_uart.o
    0x080055a0   0x080055a0   0x00000002   Code   RO          733    i.HardFault_Handler  stm32f4xx_it.o
    0x080055a2   0x080055a2   0x00000002   PAD
    0x080055a4   0x080055a4   0x0000046e   Code   RO         6064    i.IMU_Ahrs_Update   imu.o
    0x08005a12   0x08005a12   0x00000002   PAD
    0x08005a14   0x08005a14   0x00000168   Code   RO         6065    i.IMU_Attitude_Update  imu.o
    0x08005b7c   0x08005b7c   0x0000002c   Code   RO          333    i.Init_bmi088_nss   gpio.o
    0x08005ba8   0x08005ba8   0x00000048   Code   RO          475    i.MX_CAN1_Init      can.o
    0x08005bf0   0x08005bf0   0x00000048   Code   RO          476    i.MX_CAN2_Init      can.o
    0x08005c38   0x08005c38   0x0000007c   Code   RO          528    i.MX_DMA_Init       dma.o
    0x08005cb4   0x08005cb4   0x000000e0   Code   RO          363    i.MX_FREERTOS_Init  freertos.o
    0x08005d94   0x08005d94   0x00000140   Code   RO          334    i.MX_GPIO_Init      gpio.o
    0x08005ed4   0x08005ed4   0x00000048   Code   RO          554    i.MX_SPI1_Init      spi.o
    0x08005f1c   0x08005f1c   0x000000d0   Code   RO          599    i.MX_TIM1_Init      tim.o
    0x08005fec   0x08005fec   0x00000074   Code   RO          600    i.MX_TIM4_Init      tim.o
    0x08006060   0x08006060   0x00000044   Code   RO          601    i.MX_TIM6_Init      tim.o
    0x080060a4   0x080060a4   0x00000038   Code   RO          669    i.MX_USART1_UART_Init  usart.o
    0x080060dc   0x080060dc   0x00000040   Code   RO          670    i.MX_USART3_UART_Init  usart.o
    0x0800611c   0x0800611c   0x00000038   Code   RO          671    i.MX_USART6_UART_Init  usart.o
    0x08006154   0x08006154   0x00000002   Code   RO          734    i.MemManage_Handler  stm32f4xx_it.o
    0x08006156   0x08006156   0x00000002   Code   RO          735    i.NMI_Handler       stm32f4xx_it.o
    0x08006158   0x08006158   0x00000060   Code   RO         6561    i.NUC_Addr_Init     nuc.o
    0x080061b8   0x080061b8   0x0000008c   Code   RO         6562    i.NUC_Data_Decode   nuc.o
    0x08006244   0x08006244   0x0000003c   Code   RO         6563    i.NUC_Init          nuc.o
    0x08006280   0x08006280   0x000001bc   Code   RO         6564    i.NUC_Send_Data     nuc.o
    0x0800643c   0x0800643c   0x00000012   Code   RO         6166    i.PID_Init          pid.o
    0x0800644e   0x0800644e   0x00000002   PAD
    0x08006450   0x08006450   0x00000138   Code   RO         6167    i.Pid_Calc          pid.o
    0x08006588   0x08006588   0x0000005c   Code   RO         6168    i.Pid_Reset         pid.o
    0x080065e4   0x080065e4   0x0000001e   Code   RO         6169    i.Pid_Set           pid.o
    0x08006602   0x08006602   0x00000002   PAD
    0x08006604   0x08006604   0x000001b8   Code   RO         6502    i.RefereeInfo_Decode  referee_info.o
    0x080067bc   0x080067bc   0x00000060   Code   RO         6452    i.Referee_Addr_Init  referee.o
    0x0800681c   0x0800681c   0x0000003c   Code   RO         6453    i.Referee_Init      referee.o
    0x08006858   0x08006858   0x00000058   Code   RO         2435    i.SPI_EndRxTxTransaction  stm32f4xx_hal_spi.o
    0x080068b0   0x080068b0   0x000000b8   Code   RO         2440    i.SPI_WaitFlagStateUntilTimeout  stm32f4xx_hal_spi.o
    0x08006968   0x08006968   0x00000178   Code   RO         6170    i.Shoot_PID_Init    pid.o
    0x08006ae0   0x08006ae0   0x00000208   Code   RO         6797    i.Shoot_Run_Control  shoot_task.o
    0x08006ce8   0x08006ce8   0x00000094   Code   RO         6798    i.Shoot_Stop_Control  shoot_task.o
    0x08006d7c   0x08006d7c   0x00000978   Code   RO         6628    i.Show_UI           custom_ui.o
    0x080076f4   0x080076f4   0x00000008   Code   RO          364    i.StartDefaultTask  freertos.o
    0x080076fc   0x080076fc   0x0000001a   Code   RO         5214    i.SysTick_Handler   cmsis_os2.o
    0x08007716   0x08007716   0x00000002   PAD
    0x08007718   0x08007718   0x00000094   Code   RO           15    i.SystemClock_Config  main.o
    0x080077ac   0x080077ac   0x00000010   Code   RO         4039    i.SystemInit        system_stm32f4xx.o
    0x080077bc   0x080077bc   0x0000000c   Code   RO          736    i.TIM2_IRQHandler   stm32f4xx_it.o
    0x080077c8   0x080077c8   0x0000000c   Code   RO          737    i.TIM6_DAC_IRQHandler  stm32f4xx_it.o
    0x080077d4   0x080077d4   0x000000c8   Code   RO         2803    i.TIM_Base_SetConfig  stm32f4xx_hal_tim.o
    0x0800789c   0x0800789c   0x0000001a   Code   RO         2804    i.TIM_CCxChannelCmd  stm32f4xx_hal_tim.o
    0x080078b6   0x080078b6   0x00000002   PAD
    0x080078b8   0x080078b8   0x00000060   Code   RO         2816    i.TIM_OC1_SetConfig  stm32f4xx_hal_tim.o
    0x08007918   0x08007918   0x0000006c   Code   RO         2817    i.TIM_OC2_SetConfig  stm32f4xx_hal_tim.o
    0x08007984   0x08007984   0x00000068   Code   RO         2818    i.TIM_OC3_SetConfig  stm32f4xx_hal_tim.o
    0x080079ec   0x080079ec   0x00000050   Code   RO         2819    i.TIM_OC4_SetConfig  stm32f4xx_hal_tim.o
    0x08007a3c   0x08007a3c   0x00000010   Code   RO         3723    i.UART_DMAAbortOnError  stm32f4xx_hal_uart.o
    0x08007a4c   0x08007a4c   0x0000004a   Code   RO         3724    i.UART_DMAError     stm32f4xx_hal_uart.o
    0x08007a96   0x08007a96   0x00000042   Code   RO         3729    i.UART_DMATransmitCplt  stm32f4xx_hal_uart.o
    0x08007ad8   0x08007ad8   0x0000000a   Code   RO         3731    i.UART_DMATxHalfCplt  stm32f4xx_hal_uart.o
    0x08007ae2   0x08007ae2   0x0000004e   Code   RO         3733    i.UART_EndRxTransfer  stm32f4xx_hal_uart.o
    0x08007b30   0x08007b30   0x0000001c   Code   RO         3734    i.UART_EndTxTransfer  stm32f4xx_hal_uart.o
    0x08007b4c   0x08007b4c   0x000000c0   Code   RO         3735    i.UART_Receive_IT   stm32f4xx_hal_uart.o
    0x08007c0c   0x08007c0c   0x0000010c   Code   RO         3736    i.UART_SetConfig    stm32f4xx_hal_uart.o
    0x08007d18   0x08007d18   0x00000030   Code   RO          738    i.USART1_IRQHandler  stm32f4xx_it.o
    0x08007d48   0x08007d48   0x00000030   Code   RO          739    i.USART3_IRQHandler  stm32f4xx_it.o
    0x08007d78   0x08007d78   0x00000030   Code   RO          740    i.USART6_IRQHandler  stm32f4xx_it.o
    0x08007da8   0x08007da8   0x0000009c   Code   RO         6565    i.USAR_UART1_IDLECallback  nuc.o
    0x08007e44   0x08007e44   0x0000008c   Code   RO         6125    i.USAR_UART3_IDLECallback  dr16.o
    0x08007ed0   0x08007ed0   0x00000180   Code   RO         6454    i.USAR_UART6_IDLECallback  referee.o
    0x08008050   0x08008050   0x00000002   Code   RO          741    i.UsageFault_Handler  stm32f4xx_it.o
    0x08008052   0x08008052   0x00000002   PAD
    0x08008054   0x08008054   0x0000003c   Code   RO         6395    i.Verify_CRC16_Check_Sum  crc.o
    0x08008090   0x08008090   0x0000002a   Code   RO         6396    i.Verify_CRC8_Check_Sum  crc.o
    0x080080ba   0x080080ba   0x00000002   PAD
    0x080080bc   0x080080bc   0x00000028   Code   RO         7621    i.__0sprintf        mc_w.l(printfa.o)
    0x080080e4   0x080080e4   0x00000030   Code   RO         7700    i.__ARM_fpclassify  m_wm.l(fpclassify.o)
    0x08008114   0x08008114   0x00000020   Code   RO         2011    i.__NVIC_SetPriority  stm32f4xx_hal_cortex.o
    0x08008134   0x08008134   0x00000004   PAD
    0x08008138   0x08008138   0x00000360   Code   RO         7311    i.__hardfp_asin     m_wm.l(asin.o)
    0x08008498   0x08008498   0x000002d8   Code   RO         7663    i.__hardfp_atan     m_wm.l(atan.o)
    0x08008770   0x08008770   0x00000200   Code   RO         7325    i.__hardfp_atan2    m_wm.l(atan2.o)
    0x08008970   0x08008970   0x000000c8   Code   RO         7337    i.__hardfp_cos      m_wm.l(cos.o)
    0x08008a38   0x08008a38   0x000000c8   Code   RO         7349    i.__hardfp_sin      m_wm.l(sin.o)
    0x08008b00   0x08008b00   0x0000007a   Code   RO         7361    i.__hardfp_sqrt     m_wm.l(sqrt.o)
    0x08008b7a   0x08008b7a   0x00000006   PAD
    0x08008b80   0x08008b80   0x00000438   Code   RO         7705    i.__ieee754_rem_pio2  m_wm.l(rred.o)
    0x08008fb8   0x08008fb8   0x00000170   Code   RO         7677    i.__kernel_cos      m_wm.l(cos_i.o)
    0x08009128   0x08009128   0x000000f8   Code   RO         7702    i.__kernel_poly     m_wm.l(poly.o)
    0x08009220   0x08009220   0x00000130   Code   RO         7710    i.__kernel_sin      m_wm.l(sin_i.o)
    0x08009350   0x08009350   0x00000014   Code   RO         7681    i.__mathlib_dbl_infnan  m_wm.l(dunder.o)
    0x08009364   0x08009364   0x00000014   Code   RO         7682    i.__mathlib_dbl_infnan2  m_wm.l(dunder.o)
    0x08009378   0x08009378   0x00000020   Code   RO         7683    i.__mathlib_dbl_invalid  m_wm.l(dunder.o)
    0x08009398   0x08009398   0x00000020   Code   RO         7686    i.__mathlib_dbl_underflow  m_wm.l(dunder.o)
    0x080093b8   0x080093b8   0x0000000e   Code   RO         7771    i.__scatterload_copy  mc_w.l(handlers.o)
    0x080093c6   0x080093c6   0x00000002   Code   RO         7772    i.__scatterload_null  mc_w.l(handlers.o)
    0x080093c8   0x080093c8   0x0000000e   Code   RO         7773    i.__scatterload_zeroinit  mc_w.l(handlers.o)
    0x080093d6   0x080093d6   0x00000002   PAD
    0x080093d8   0x080093d8   0x0000000c   Code   RO         7745    i.__set_errno       mc_w.l(errno.o)
    0x080093e4   0x080093e4   0x00000184   Code   RO         7626    i._fp_digits        mc_w.l(printfa.o)
    0x08009568   0x08009568   0x000006b4   Code   RO         7627    i._printf_core      mc_w.l(printfa.o)
    0x08009c1c   0x08009c1c   0x00000024   Code   RO         7628    i._printf_post_padding  mc_w.l(printfa.o)
    0x08009c40   0x08009c40   0x0000002e   Code   RO         7629    i._printf_pre_padding  mc_w.l(printfa.o)
    0x08009c6e   0x08009c6e   0x0000000a   Code   RO         7631    i._sputc            mc_w.l(printfa.o)
    0x08009c78   0x08009c78   0x00000010   Code   RO         7665    i.atan              m_wm.l(atan.o)
    0x08009c88   0x08009c88   0x00000010   Code   RO         6505    i.bit8TObit16       referee_info.o
    0x08009c98   0x08009c98   0x0000001e   Code   RO         5876    i.bit8TObit32       can_h.o
    0x08009cb6   0x08009cb6   0x0000001e   Code   RO         6506    i.bit8TObit32       referee_info.o
    0x08009cd4   0x08009cd4   0x00000110   Code   RO         5967    i.bmi088_accel_init  bmi088driver.o
    0x08009de4   0x08009de4   0x000000dc   Code   RO         5968    i.bmi088_gyro_init  bmi088driver.o
    0x08009ec0   0x08009ec0   0x00000044   Code   RO         6938    i.can_send_task     can_send_task.o
    0x08009f04   0x08009f04   0x00000120   Code   RO         6702    i.chassis_task      chassis_task.o
    0x0800a024   0x0800a024   0x00000018   Code   RO         7696    i.fabs              m_wm.l(fabs.o)
    0x0800a03c   0x0800a03c   0x0000002a   Code   RO         6227    i.flash_erase_address  flash.o
    0x0800a066   0x0800a066   0x0000000c   Code   RO         6228    i.flash_read        flash.o
    0x0800a072   0x0800a072   0x00000002   PAD
    0x0800a074   0x0800a074   0x00000068   Code   RO         6230    i.flash_write_single_address  flash.o
    0x0800a0dc   0x0800a0dc   0x000000c4   Code   RO         6231    i.ger_sector        flash.o
    0x0800a1a0   0x0800a1a0   0x000000d4   Code   RO         6232    i.get_next_flash_address  flash.o
    0x0800a274   0x0800a274   0x00000064   Code   RO         6852    i.gimbal_task       gimbal_task.o
    0x0800a2d8   0x0800a2d8   0x00000034   Code   RO         6965    i.imu_send_task     imu_send_task.o
    0x0800a30c   0x0800a30c   0x0000002c   Code   RO         6067    i.inv_sqrt          imu.o
    0x0800a338   0x0800a338   0x00000068   Code   RO         6994    i.led_task          led_task.o
    0x0800a3a0   0x0800a3a0   0x00000066   Code   RO           16    i.main              main.o
    0x0800a406   0x0800a406   0x00000002   PAD
    0x0800a408   0x0800a408   0x000000a8   Code   RO         7056    i.mode_task         mode_task.o
    0x0800a4b0   0x0800a4b0   0x0000002c   Code   RO         6909    i.nuc_send_task     nuc_task.o
    0x0800a4dc   0x0800a4dc   0x0000001a   Code   RO         5216    i.osDelay           cmsis_os2.o
    0x0800a4f6   0x0800a4f6   0x0000002e   Code   RO         5217    i.osDelayUntil      cmsis_os2.o
    0x0800a524   0x0800a524   0x0000002c   Code   RO         5221    i.osEventFlagsNew   cmsis_os2.o
    0x0800a550   0x0800a550   0x00000054   Code   RO         5222    i.osEventFlagsSet   cmsis_os2.o
    0x0800a5a4   0x0800a5a4   0x00000062   Code   RO         5223    i.osEventFlagsWait  cmsis_os2.o
    0x0800a606   0x0800a606   0x0000000e   Code   RO         5228    i.osKernelGetTickCount  cmsis_os2.o
    0x0800a614   0x0800a614   0x00000024   Code   RO         5230    i.osKernelInitialize  cmsis_os2.o
    0x0800a638   0x0800a638   0x00000038   Code   RO         5233    i.osKernelStart     cmsis_os2.o
    0x0800a670   0x0800a670   0x0000008a   Code   RO         5275    i.osThreadNew       cmsis_os2.o
    0x0800a6fa   0x0800a6fa   0x00000002   PAD
    0x0800a6fc   0x0800a6fc   0x0000005c   Code   RO         4675    i.prvAddCurrentTaskToDelayedList  tasks.o
    0x0800a758   0x0800a758   0x000000d0   Code   RO         4676    i.prvAddNewTaskToReadyList  tasks.o
    0x0800a828   0x0800a828   0x00000058   Code   RO         5040    i.prvCheckForValidListAndQueue  timers.o
    0x0800a880   0x0800a880   0x00000026   Code   RO         4272    i.prvCopyDataFromQueue  queue.o
    0x0800a8a6   0x0800a8a6   0x0000006c   Code   RO         4273    i.prvCopyDataToQueue  queue.o
    0x0800a912   0x0800a912   0x00000034   Code   RO         4677    i.prvDeleteTCB      tasks.o
    0x0800a946   0x0800a946   0x00000002   PAD
    0x0800a948   0x0800a948   0x0000004c   Code   RO         5731    i.prvHeapInit       heap_4.o
    0x0800a994   0x0800a994   0x00000060   Code   RO         4678    i.prvIdleTask       tasks.o
    0x0800a9f4   0x0800a9f4   0x00000022   Code   RO         4275    i.prvInitialiseNewQueue  queue.o
    0x0800aa16   0x0800aa16   0x00000002   PAD
    0x0800aa18   0x0800aa18   0x000000b0   Code   RO         4679    i.prvInitialiseNewTask  tasks.o
    0x0800aac8   0x0800aac8   0x0000004c   Code   RO         5732    i.prvInsertBlockIntoFreeList  heap_4.o
    0x0800ab14   0x0800ab14   0x00000038   Code   RO         5042    i.prvInsertTimerInActiveList  timers.o
    0x0800ab4c   0x0800ab4c   0x0000001c   Code   RO         4276    i.prvIsQueueEmpty   queue.o
    0x0800ab68   0x0800ab68   0x000000fc   Code   RO         5043    i.prvProcessReceivedCommands  timers.o
    0x0800ac64   0x0800ac64   0x000000c0   Code   RO         5044    i.prvProcessTimerOrBlockTask  timers.o
    0x0800ad24   0x0800ad24   0x00000020   Code   RO         4681    i.prvResetNextTaskUnblockTime  tasks.o
    0x0800ad44   0x0800ad44   0x00000028   Code   RO         5045    i.prvSampleTimeNow  timers.o
    0x0800ad6c   0x0800ad6c   0x0000006c   Code   RO         5046    i.prvSwitchTimerLists  timers.o
    0x0800add8   0x0800add8   0x00000028   Code   RO         5787    i.prvTaskExitError  port.o
    0x0800ae00   0x0800ae00   0x00000014   Code   RO         4110    i.prvTestWaitCondition  event_groups.o
    0x0800ae14   0x0800ae14   0x00000024   Code   RO         5047    i.prvTimerTask      timers.o
    0x0800ae38   0x0800ae38   0x0000006a   Code   RO         4277    i.prvUnlockQueue    queue.o
    0x0800aea2   0x0800aea2   0x00000002   PAD
    0x0800aea4   0x0800aea4   0x000000dc   Code   RO         5733    i.pvPortMalloc      heap_4.o
    0x0800af80   0x0800af80   0x0000002c   Code   RO         5788    i.pxPortInitialiseStack  port.o
    0x0800afac   0x0800afac   0x00000038   Code   RO         7185    i.ramp_calc         ramp.o
    0x0800afe4   0x0800afe4   0x00000008   Code   RO         7186    i.ramp_init         ramp.o
    0x0800afec   0x0800afec   0x00000088   Code   RO         6455    i.referee_data_pack_handle  referee.o
    0x0800b074   0x0800b074   0x00000040   Code   RO         6799    i.shoot_task        shoot_task.o
    0x0800b0b4   0x0800b0b4   0x0000000c   Code   RO         6566    i.shortTou8         nuc.o
    0x0800b0c0   0x0800b0c0   0x0000006e   Code   RO         7363    i.sqrt              m_wm.l(sqrt.o)
    0x0800b12e   0x0800b12e   0x00000002   PAD
    0x0800b130   0x0800b130   0x0000002c   Code   RO         7021    i.supper_task       supper_task.o
    0x0800b15c   0x0800b15c   0x0000000c   Code   RO         7125    i.ui_task           ui_task.o
    0x0800b168   0x0800b168   0x00000026   Code   RO         4232    i.uxListRemove      list.o
    0x0800b18e   0x0800b18e   0x00000002   PAD
    0x0800b190   0x0800b190   0x00000018   Code   RO         4693    i.uxTaskResetEventItemValue  tasks.o
    0x0800b1a8   0x0800b1a8   0x00000014   Code   RO         5287    i.vApplicationGetIdleTaskMemory  cmsis_os2.o
    0x0800b1bc   0x0800b1bc   0x00000018   Code   RO         5288    i.vApplicationGetTimerTaskMemory  cmsis_os2.o
    0x0800b1d4   0x0800b1d4   0x00000004   Code   RO         4114    i.vEventGroupSetBitsCallback  event_groups.o
    0x0800b1d8   0x0800b1d8   0x00000016   Code   RO         4233    i.vListInitialise   list.o
    0x0800b1ee   0x0800b1ee   0x00000006   Code   RO         4234    i.vListInitialiseItem  list.o
    0x0800b1f4   0x0800b1f4   0x00000030   Code   RO         4235    i.vListInsert       list.o
    0x0800b224   0x0800b224   0x00000018   Code   RO         4236    i.vListInsertEnd    list.o
    0x0800b23c   0x0800b23c   0x00000040   Code   RO         5790    i.vPortEnterCritical  port.o
    0x0800b27c   0x0800b27c   0x00000028   Code   RO         5791    i.vPortExitCritical  port.o
    0x0800b2a4   0x0800b2a4   0x00000064   Code   RO         5734    i.vPortFree         heap_4.o
    0x0800b308   0x0800b308   0x00000024   Code   RO         5792    i.vPortSetupTimerInterrupt  port.o
    0x0800b32c   0x0800b32c   0x00000054   Code   RO         5793    i.vPortValidateInterruptPriority  port.o
    0x0800b380   0x0800b380   0x00000028   Code   RO         4283    i.vQueueAddToRegistry  queue.o
    0x0800b3a8   0x0800b3a8   0x00000044   Code   RO         4287    i.vQueueWaitForMessageRestricted  queue.o
    0x0800b3ec   0x0800b3ec   0x0000004c   Code   RO         4694    i.vTaskDelay        tasks.o
    0x0800b438   0x0800b438   0x0000008c   Code   RO         4695    i.vTaskDelayUntil   tasks.o
    0x0800b4c4   0x0800b4c4   0x00000010   Code   RO         4699    i.vTaskInternalSetTimeOutState  tasks.o
    0x0800b4d4   0x0800b4d4   0x0000000c   Code   RO         4700    i.vTaskMissedYield  tasks.o
    0x0800b4e0   0x0800b4e0   0x00000030   Code   RO         4702    i.vTaskPlaceOnEventList  tasks.o
    0x0800b510   0x0800b510   0x00000038   Code   RO         4703    i.vTaskPlaceOnEventListRestricted  tasks.o
    0x0800b548   0x0800b548   0x00000050   Code   RO         4704    i.vTaskPlaceOnUnorderedEventList  tasks.o
    0x0800b598   0x0800b598   0x00000070   Code   RO         4707    i.vTaskRemoveFromUnorderedEventList  tasks.o
    0x0800b608   0x0800b608   0x00000088   Code   RO         4711    i.vTaskStartScheduler  tasks.o
    0x0800b690   0x0800b690   0x00000010   Code   RO         4713    i.vTaskSuspendAll   tasks.o
    0x0800b6a0   0x0800b6a0   0x00000064   Code   RO         4714    i.vTaskSwitchContext  tasks.o
    0x0800b704   0x0800b704   0x0000001c   Code   RO         4118    i.xEventGroupCreate  event_groups.o
    0x0800b720   0x0800b720   0x0000002c   Code   RO         4119    i.xEventGroupCreateStatic  event_groups.o
    0x0800b74c   0x0800b74c   0x0000008c   Code   RO         4121    i.xEventGroupSetBits  event_groups.o
    0x0800b7d8   0x0800b7d8   0x00000010   Code   RO         4122    i.xEventGroupSetBitsFromISR  event_groups.o
    0x0800b7e8   0x0800b7e8   0x00000108   Code   RO         4124    i.xEventGroupWaitBits  event_groups.o
    0x0800b8f0   0x0800b8f0   0x000000f4   Code   RO         5794    i.xPortStartScheduler  port.o
    0x0800b9e4   0x0800b9e4   0x0000002c   Code   RO         5795    i.xPortSysTickHandler  port.o
    0x0800ba10   0x0800ba10   0x00000066   Code   RO         4293    i.xQueueGenericCreateStatic  queue.o
    0x0800ba76   0x0800ba76   0x00000002   PAD
    0x0800ba78   0x0800ba78   0x00000088   Code   RO         4294    i.xQueueGenericReset  queue.o
    0x0800bb00   0x0800bb00   0x00000160   Code   RO         4295    i.xQueueGenericSend  queue.o
    0x0800bc60   0x0800bc60   0x000000be   Code   RO         4296    i.xQueueGenericSendFromISR  queue.o
    0x0800bd1e   0x0800bd1e   0x00000002   PAD
    0x0800bd20   0x0800bd20   0x00000138   Code   RO         4305    i.xQueueReceive     queue.o
    0x0800be58   0x0800be58   0x00000074   Code   RO         4716    i.xTaskCheckForTimeOut  tasks.o
    0x0800becc   0x0800becc   0x0000005a   Code   RO         4717    i.xTaskCreate       tasks.o
    0x0800bf26   0x0800bf26   0x00000056   Code   RO         4718    i.xTaskCreateStatic  tasks.o
    0x0800bf7c   0x0800bf7c   0x0000001c   Code   RO         4722    i.xTaskGetSchedulerState  tasks.o
    0x0800bf98   0x0800bf98   0x0000000c   Code   RO         4723    i.xTaskGetTickCount  tasks.o
    0x0800bfa4   0x0800bfa4   0x00000010   Code   RO         4724    i.xTaskGetTickCountFromISR  tasks.o
    0x0800bfb4   0x0800bfb4   0x000000c8   Code   RO         4725    i.xTaskIncrementTick  tasks.o
    0x0800c07c   0x0800c07c   0x00000080   Code   RO         4728    i.xTaskPriorityDisinherit  tasks.o
    0x0800c0fc   0x0800c0fc   0x00000070   Code   RO         4730    i.xTaskRemoveFromEventList  tasks.o
    0x0800c16c   0x0800c16c   0x000000c4   Code   RO         4731    i.xTaskResumeAll    tasks.o
    0x0800c230   0x0800c230   0x00000060   Code   RO         5056    i.xTimerCreateTimerTask  timers.o
    0x0800c290   0x0800c290   0x00000068   Code   RO         5057    i.xTimerGenericCommand  timers.o
    0x0800c2f8   0x0800c2f8   0x00000028   Code   RO         5063    i.xTimerPendFunctionCallFromISR  timers.o
    0x0800c320   0x0800c320   0x0000019c   Data   RO          375    .constdata          freertos.o
    0x0800c4bc   0x0800c4bc   0x00000008   Data   RO         1728    .constdata          stm32f4xx_hal_dma.o
    0x0800c4c4   0x0800c4c4   0x00000010   Data   RO         4040    .constdata          system_stm32f4xx.o
    0x0800c4d4   0x0800c4d4   0x00000008   Data   RO         4041    .constdata          system_stm32f4xx.o
    0x0800c4dc   0x0800c4dc   0x00000300   Data   RO         6398    .constdata          crc.o
    0x0800c7dc   0x0800c7dc   0x00000004   PAD
    0x0800c7e0   0x0800c7e0   0x00000050   Data   RO         7314    .constdata          m_wm.l(asin.o)
    0x0800c830   0x0800c830   0x00000098   Data   RO         7666    .constdata          m_wm.l(atan.o)
    0x0800c8c8   0x0800c8c8   0x00000030   Data   RO         7678    .constdata          m_wm.l(cos_i.o)
    0x0800c8f8   0x0800c8f8   0x00000008   Data   RO         7704    .constdata          m_wm.l(qnan.o)
    0x0800c900   0x0800c900   0x000000c8   Data   RO         7707    .constdata          m_wm.l(rred.o)
    0x0800c9c8   0x0800c9c8   0x00000028   Data   RO         7711    .constdata          m_wm.l(sin_i.o)
    0x0800c9f0   0x0800c9f0   0x000000aa   Data   RO          376    .conststring        freertos.o
    0x0800ca9a   0x0800ca9a   0x00000002   PAD
    0x0800ca9c   0x0800ca9c   0x00000020   Data   RO         7769    Region$$Table       anon$$obj.o


    Execution Region RW_IRAM1 (Exec base: 0x20000000, Load base: 0x0800cabc, Size: 0x00006910, Max: 0x0001c000, ABSOLUTE, COMPRESSED[0x00000078])

    Exec Addr    Load Addr    Size         Type   Attr      Idx    E Section Name        Object

    0x20000000   COMPRESSED   0x00000004   Data   RW           17    .data               main.o
    0x20000004   COMPRESSED   0x00000030   Data   RW          379    .data               freertos.o
    0x20000034   COMPRESSED   0x00000004   Data   RW          478    .data               can.o
    0x20000038   COMPRESSED   0x0000000c   Data   RW         2155    .data               stm32f4xx_hal.o
    0x20000044   COMPRESSED   0x00000004   Data   RW         4042    .data               system_stm32f4xx.o
    0x20000048   COMPRESSED   0x0000003c   Data   RW         4734    .data               tasks.o
    0x20000084   COMPRESSED   0x00000014   Data   RW         5065    .data               timers.o
    0x20000098   COMPRESSED   0x00000004   Data   RW         5290    .data               cmsis_os2.o
    0x2000009c   COMPRESSED   0x00000020   Data   RW         5740    .data               heap_4.o
    0x200000bc   COMPRESSED   0x0000000c   Data   RW         5796    .data               port.o
    0x200000c8   COMPRESSED   0x0000002c   Data   RW         5877    .data               can_h.o
    0x200000f4   COMPRESSED   0x00000028   Data   RW         5970    .data               bmi088driver.o
    0x2000011c   COMPRESSED   0x00000048   Data   RW         6069    .data               imu.o
    0x20000164   COMPRESSED   0x00000010   Data   RW         6233    .data               flash.o
    0x20000174   COMPRESSED   0x00000002   Data   RW         6399    .data               crc.o
    0x20000176   COMPRESSED   0x00000001   Data   RW         6458    .data               referee.o
    0x20000177   COMPRESSED   0x00000001   PAD
    0x20000178   COMPRESSED   0x00000014   Data   RW         6568    .data               nuc.o
    0x2000018c   COMPRESSED   0x00000010   Data   RW         6630    .data               custom_ui.o
    0x2000019c   COMPRESSED   0x00000004   PAD
    0x200001a0   COMPRESSED   0x00000048   Data   RW         6704    .data               chassis_task.o
    0x200001e8   COMPRESSED   0x00000018   Data   RW         6801    .data               shoot_task.o
    0x20000200   COMPRESSED   0x00000004   Data   RW         6855    .data               gimbal_task.o
    0x20000204   COMPRESSED   0x00000004   Data   RW         6910    .data               nuc_task.o
    0x20000208   COMPRESSED   0x00000004   Data   RW         6966    .data               imu_send_task.o
    0x2000020c   COMPRESSED   0x00000004   Data   RW         7022    .data               supper_task.o
    0x20000210   COMPRESSED   0x00000078   Data   RW         7057    .data               mode_task.o
    0x20000288   COMPRESSED   0x00000004   Data   RW         7218    .data               debug.o
    0x2000028c   COMPRESSED   0x00000004   Data   RW         7219    .data               debug.o
    0x20000290   COMPRESSED   0x00000004   Data   RW         7220    .data               debug.o
    0x20000294   COMPRESSED   0x00000004   Data   RW         7221    .data               debug.o
    0x20000298   COMPRESSED   0x00000004   Data   RW         7222    .data               debug.o
    0x2000029c   COMPRESSED   0x00000004   Data   RW         7274    .data               type_module.o
    0x200002a0   COMPRESSED   0x00000004   Data   RW         7275    .data               type_module.o
    0x200002a4   COMPRESSED   0x00000004   Data   RW         7276    .data               type_module.o
    0x200002a8   COMPRESSED   0x00000004   Data   RW         7277    .data               type_module.o
    0x200002ac   COMPRESSED   0x00000004   Data   RW         7278    .data               type_module.o
    0x200002b0   COMPRESSED   0x00000004   Data   RW         7279    .data               type_module.o
    0x200002b4   COMPRESSED   0x00000004   Data   RW         7280    .data               type_module.o
    0x200002b8   COMPRESSED   0x00000004   Data   RW         7281    .data               type_module.o
    0x200002bc   COMPRESSED   0x00000004   Data   RW         7282    .data               type_module.o
    0x200002c0   COMPRESSED   0x00000004   Data   RW         7283    .data               type_module.o
    0x200002c4   COMPRESSED   0x00000004   Data   RW         7284    .data               type_module.o
    0x200002c8   COMPRESSED   0x00000001   Data   RW         7285    .data               type_module.o
    0x200002c9   COMPRESSED   0x00000003   PAD
    0x200002cc   COMPRESSED   0x00000004   Data   RW         7286    .data               type_module.o
    0x200002d0   COMPRESSED   0x00000001   Data   RW         7287    .data               type_module.o
    0x200002d1   COMPRESSED   0x00000001   Data   RW         7288    .data               type_module.o
    0x200002d2   COMPRESSED   0x00000001   Data   RW         7289    .data               type_module.o
    0x200002d3   COMPRESSED   0x00000001   PAD
    0x200002d4   COMPRESSED   0x00000004   Data   RW         7746    .data               mc_w.l(errno.o)
    0x200002d8        -       0x000000a0   Zero   RW          477    .bss                can.o
    0x20000378        -       0x00000058   Zero   RW          555    .bss                spi.o
    0x200003d0        -       0x000000d8   Zero   RW          602    .bss                tim.o
    0x200004a8        -       0x000002ac   Zero   RW          672    .bss                usart.o
    0x20000754        -       0x00000048   Zero   RW          891    .bss                stm32f4xx_hal_timebase_tim.o
    0x2000079c        -       0x00000020   Zero   RW         1427    .bss                stm32f4xx_hal_flash.o
    0x200007bc        -       0x00000040   Zero   RW         4309    .bss                queue.o
    0x200007fc        -       0x000004c4   Zero   RW         4733    .bss                tasks.o
    0x20000cc0        -       0x00000118   Zero   RW         5064    .bss                timers.o
    0x20000dd8        -       0x000006b8   Zero   RW         5289    .bss                cmsis_os2.o
    0x20001490        -       0x00003c00   Zero   RW         5739    .bss                heap_4.o
    0x20005090        -       0x00000048   Zero   RW         6126    .bss                dr16.o
    0x200050d8        -       0x00000010   Zero   RW         6289    .bss                gimbal.o
    0x200050e8        -       0x00000800   Zero   RW         6456    .bss                referee.o
    0x200058e8        -       0x00000038   Zero   RW         6567    .bss                nuc.o
    0x20005920        -       0x00000414   Zero   RW         6629    .bss                custom_ui.o
    0x20005d34        -       0x00000014   Zero   RW         6703    .bss                chassis_task.o
    0x20005d48        -       0x00000018   Zero   RW         7248    .bss                type_module.o
    0x20005d60        -       0x000000c0   Zero   RW         7249    .bss                type_module.o
    0x20005e20        -       0x00000018   Zero   RW         7250    .bss                type_module.o
    0x20005e38        -       0x00000054   Zero   RW         7251    .bss                type_module.o
    0x20005e8c        -       0x00000060   Zero   RW         7252    .bss                type_module.o
    0x20005eec        -       0x00000030   Zero   RW         7253    .bss                type_module.o
    0x20005f1c        -       0x00000018   Zero   RW         7254    .bss                type_module.o
    0x20005f34        -       0x00000030   Zero   RW         7255    .bss                type_module.o
    0x20005f64        -       0x00000018   Zero   RW         7257    .bss                type_module.o
    0x20005f7c        -       0x00000140   Zero   RW         7258    .bss                type_module.o
    0x200060bc        -       0x00000050   Zero   RW         7259    .bss                type_module.o
    0x2000610c        -       0x00000050   Zero   RW         7260    .bss                type_module.o
    0x2000615c        -       0x000000a0   Zero   RW         7261    .bss                type_module.o
    0x200061fc        -       0x000000a0   Zero   RW         7262    .bss                type_module.o
    0x2000629c        -       0x00000050   Zero   RW         7265    .bss                type_module.o
    0x200062ec        -       0x000000a0   Zero   RW         7266    .bss                type_module.o
    0x2000638c        -       0x000000a0   Zero   RW         7267    .bss                type_module.o
    0x2000642c        -       0x00000050   Zero   RW         7268    .bss                type_module.o
    0x2000647c        -       0x00000050   Zero   RW         7269    .bss                type_module.o
    0x200064cc        -       0x00000014   Zero   RW         7270    .bss                type_module.o
    0x200064e0        -       0x00000017   Zero   RW         7271    .bss                type_module.o
    0x200064f7   COMPRESSED   0x00000001   PAD
    0x200064f8        -       0x0000000c   Zero   RW         7272    .bss                type_module.o
    0x20006504        -       0x0000000c   Zero   RW         7273    .bss                type_module.o
    0x20006510        -       0x00000400   Zero   RW            1    STACK               startup_stm32f407xx.o


    Execution Region RW_IRAM2 (Exec base: 0x2001c000, Load base: 0x0800cb34, Size: 0x00000000, Max: 0x00004000, ABSOLUTE)

    **** No section assigned to this execution region ****


==============================================================================

Image component sizes


      Code (inc. data)   RO Data    RW Data    ZI Data      Debug   Object Name

        20          6          0          0          0        508   beep.o
      1328         54          0         40          0      10474   bmi088driver.o
       564         52          0          4        160       3161   can.o
      1448        166          0         44          0       8053   can_h.o
        68          6          0          0          0        580   can_send_task.o
      2028        278          0         72         20      10115   chassis_task.o
       612         28          0          4       1720      70060   cmsis_os2.o
       250         22        768          2          0       4652   crc.o
         0          0          0          0          0       7032   croutine.o
      3204        462          0         16       1044      10790   custom_ui.o
         0          0          0         20          0        450   debug.o
       124          4          0          0          0        830   dma.o
       412         38          0          0         72       2204   dr16.o
       516          8          0          0          0      27486   event_groups.o
       566         96          0         16          0       3953   flash.o
       232         58        582         48          0       3122   freertos.o
       812         52          0          0         16       4007   gimbal.o
       780        118          0          4          0       2635   gimbal_task.o
       364         34          0          0          0       1605   gpio.o
       472         24          0         32      15360       4827   heap_4.o
      1538         42          0         72          0       3456   imu.o
        52         10          0          4          0        536   imu_send_task.o
       104          6          0          0          0        547   led_task.o
       138          0          0          0          0       3510   list.o
       362         30          0          4          0     726926   main.o
      1308        188          0        120          0       6445   mode_task.o
       908        112          0         20         56       4595   nuc.o
        44         10          0          4          0        520   nuc_task.o
      1496        144          0          0          0       4854   pid.o
       786         82          0         12          0      11433   port.o
        56         10          0          0          0        491   pwm.o
      1514         20          0          0         64      17324   queue.o
        64          6          0          0          0       1752   ramp.o
       676         54          0          1       2048       3396   referee.o
       486          4          0          0          0       2383   referee_info.o
       812        128          0         24          0       3232   shoot_task.o
       216         24          0          0         88       1721   spi.o
        36          8        392          0       1024        828   startup_stm32f407xx.o
       116         18          0         12          0       8674   stm32f4xx_hal.o
      1656          6          0          0          0      13578   stm32f4xx_hal_can.o
       158         14          0          0          0      33130   stm32f4xx_hal_cortex.o
      1084         16          8          0          0       7294   stm32f4xx_hal_dma.o
       520         66          0          0         32       6522   stm32f4xx_hal_flash.o
       356         24          0          0          0       3970   stm32f4xx_hal_flash_ex.o
       522         46          0          0          0       2813   stm32f4xx_hal_gpio.o
        56          4          0          0          0        854   stm32f4xx_hal_msp.o
      1412         86          0          0          0       5857   stm32f4xx_hal_rcc.o
       942         12          0          0          0       4881   stm32f4xx_hal_spi.o
      1692        136          0          0          0      12912   stm32f4xx_hal_tim.o
       232         28          0          0          0       3249   stm32f4xx_hal_tim_ex.o
       152         18          0          0         72     712151   stm32f4xx_hal_timebase_tim.o
      1596         30          0          0          0      12118   stm32f4xx_hal_uart.o
       288         96          0          0          0      10003   stm32f4xx_it.o
         0          0          0          0          0        392   stream_buffer.o
        44         10          0          4          0        522   supper_task.o
        16          4         24          4          0       1111   system_stm32f4xx.o
      2456        198          0         60       1220      31046   tasks.o
       652         68          0          0        216       4292   tim.o
      1012         86          0         20        280      32875   timers.o
         0          0          0         52       1991       2393   type_module.o
        12          0          0          0          0        450   ui_task.o
       832         80          0          0        684       3635   usart.o

    ----------------------------------------------------------------------
     40280       3430       1812        724      26168    1885215   Object Totals
         0          0         32          0          0          0   (incl. Generated)
        78          0          6          9          1          0   (incl. Padding)

    ----------------------------------------------------------------------

      Code (inc. data)   RO Data    RW Data    ZI Data      Debug   Library Member Name

       864         94         80          0          0        280   asin.o
       744        106        152          0          0        352   atan.o
       512         64          0          0          0        208   atan2.o
       200         20          0          0          0        164   cos.o
       368         46         48          0          0        200   cos_i.o
       104         16          0          0          0        496   dunder.o
        24          0          0          0          0        124   fabs.o
        48          0          0          0          0        124   fpclassify.o
       248          0          0          0          0        152   poly.o
         0          0          8          0          0          0   qnan.o
      1080        142        200          0          0        188   rred.o
       200         20          0          0          0        164   sin.o
       304         24         40          0          0        208   sin_i.o
       232          0          0          0          0        296   sqrt.o
        86          0          0          0          0          0   __dczerorl2.o
         0          0          0          0          0          0   entry.o
         0          0          0          0          0          0   entry10a.o
         0          0          0          0          0          0   entry11a.o
         4          0          0          0          0          0   entry12b.o
         8          4          0          0          0          0   entry2.o
         4          0          0          0          0          0   entry5.o
         0          0          0          0          0          0   entry7b.o
         0          0          0          0          0          0   entry8b.o
         8          4          0          0          0          0   entry9a.o
        12          6          0          4          0         68   errno.o
        30          0          0          0          0          0   handlers.o
        36          8          0          0          0         68   init.o
         0          0          0          0          0          0   iusefp.o
        30          0          0          0          0         68   llshl.o
        36          0          0          0          0         68   llsshr.o
        32          0          0          0          0         68   llushr.o
        36          0          0          0          0         68   memcpya.o
        36          0          0          0          0        108   memseta.o
      2236         86          0          0          0        532   printfa.o
        44          0          0          0          0         80   uidiv.o
        98          0          0          0          0         92   uldiv.o
        48          0          0          0          0         68   cdcmple.o
        48          0          0          0          0         68   cdrcmple.o
        56          0          0          0          0         88   d2f.o
       334          0          0          0          0        148   dadd.o
       222          0          0          0          0        100   ddiv.o
       186          0          0          0          0        176   depilogue.o
        62          0          0          0          0         80   dfixi.o
        48          0          0          0          0         68   dfixul.o
        34          0          0          0          0         76   dflti.o
        26          0          0          0          0         76   dfltui.o
       228          0          0          0          0         96   dmul.o
       162          0          0          0          0        100   dsqrt.o
        38          0          0          0          0         68   f2d.o
       110          0          0          0          0        168   fepilogue.o

    ----------------------------------------------------------------------
      9280        640        528          4          0       5556   Library Totals
        14          0          0          0          0          0   (incl. Padding)

    ----------------------------------------------------------------------

      Code (inc. data)   RO Data    RW Data    ZI Data      Debug   Library Name

      4928        532        528          0          0       2956   m_wm.l
      2736        108          0          4          0       1220   mc_w.l
      1602          0          0          0          0       1380   mf_w.l

    ----------------------------------------------------------------------
      9280        640        528          4          0       5556   Library Totals

    ----------------------------------------------------------------------

==============================================================================


      Code (inc. data)   RO Data    RW Data    ZI Data      Debug   

     49560       4070       2340        728      26168    1855603   Grand Totals
     49560       4070       2340        120      26168    1855603   ELF Image Totals (compressed)
     49560       4070       2340        120          0          0   ROM Totals

==============================================================================

    Total RO  Size (Code + RO Data)                51900 (  50.68kB)
    Total RW  Size (RW Data + ZI Data)             26896 (  26.27kB)
    Total ROM Size (Code + RO Data + RW Data)      52020 (  50.80kB)

==============================================================================

