<html>
<body>
<pre>
<h1>µVision Build Log</h1>
<h2>Tool Versions:</h2>
IDE-Version: ¦ÌVision V5.33.0.0
Copyright (C) 2020 ARM Ltd and ARM Germany GmbH. All rights reserved.
License Information: 01 01, 01, LIC=ATTQ1-CT1U6-9UX4U-SADQZ-DIAF4-485SC
 
Tool Versions:
Toolchain:       MDK-ARM Plus  Version: 5.33.0.0
Toolchain Path:  H:\stm32code\ARM\ARMCC\Bin
C Compiler:      Armcc.exe V5.06 update 7 (build 960)
Assembler:       Armasm.exe V5.06 update 7 (build 960)
Linker/Locator:  ArmLink.exe V5.06 update 7 (build 960)
Library Manager: ArmAr.exe V5.06 update 7 (build 960)
Hex Converter:   FromElf.exe V5.06 update 7 (build 960)
CPU DLL:         SARMCM3.DLL V5.33.0.0
Dialog DLL:      DCM.DLL V1.17.3.0
Target DLL:      Segger\JL2CM3.dll V2.99.38.0
Dialog DLL:      TCM.DLL V1.48.0.0
 
<h2>Project:</h2>
g:\robomaster\code\General-Hal\MDK-ARM\HAL_Tranmit.uvprojx
Project File Date:  12/13/2022

<h2>Output:</h2>
*** Using Compiler 'V5.06 update 7 (build 960)', folder: 'H:\stm32code\ARM\ARMCC\Bin'
Build target 'HAL_Tranmit'
compiling bmi088driver.c...
compiling can_h.c...
compiling flash.c...
compiling stm32f4xx_it.c...
compiling usart.c...
compiling can.c...
compiling stm32f4xx_hal_msp.c...
compiling pid.c...
compiling imu.c...
compiling dma.c...
compiling main.c...
compiling dr16.c...
compiling spi.c...
compiling gpio.c...
compiling tim.c...
compiling freertos.c...
compiling led_task.c...
compiling shoot_task.c...
compiling pwm.c...
compiling crc.c...
compiling can_send_task.c...
compiling gimbal.c...
compiling beep.c...
compiling supper_task.c...
compiling referee_info.c...
compiling nuc_task.c...
compiling imu_send_task.c...
compiling custom_ui.c...
compiling chassis_task.c...
compiling nuc.c...
compiling referee.c...
compiling gimbal_task.c...
compiling ramp.c...
compiling type_module.c...
compiling ui_task.c...
compiling kalman.c...
compiling mode_task.c...
compiling debug.c...
linking...
Program Size: Code=50140 RO-data=2336 RW-data=736 ZI-data=26488  
FromELF: creating hex file...
"HAL_Tranmit\HAL_Tranmit.axf" - 0 Error(s), 0 Warning(s).

<h2>Software Packages used:</h2>

Package Vendor: ARM
                http://www.keil.com/pack/ARM.CMSIS.5.8.0.pack
                ARM.CMSIS.5.8.0
                CMSIS (Common Microcontroller Software Interface Standard)
   * Component: CORE Version: 5.5.0

Package Vendor: Keil
                http://www.keil.com/pack/Keil.STM32F4xx_DFP.2.16.0.pack
                Keil.STM32F4xx_DFP.2.16.0
                STMicroelectronics STM32F4 Series Device Support, Drivers and Examples

<h2>Collection of Component include folders:</h2>
  .\RTE\_HAL_Tranmit
  H:\keil\keil pack\ARM\CMSIS\5.8.0\CMSIS\Core\Include
  H:\keil\keil pack\Keil\STM32F4xx_DFP\2.16.0\Drivers\CMSIS\Device\ST\STM32F4xx\Include

<h2>Collection of Component Files used:</h2>

   * Component: ARM::CMSIS:CORE:5.5.0
      Include file:  CMSIS\Core\Include\tz_context.h
Build Time Elapsed:  00:00:20
</pre>
</body>
</html>
